Archive member included to satisfy reference by file (symbol)

/Applications/ArmGNUToolchain/14.3.rel1/arm-none-eabi/bin/../lib/gcc/arm-none-eabi/14.3.1/thumb/v6-m/nofp/libgcc.a(_dvmd_tls.o)
                              CMakeFiles/hgttg_guide.dir/Users/paulwyman/pico/pico-sdk/src/rp2_common/pico_divider/divider_hardware.S.o (__aeabi_idiv0)
/Applications/ArmGNUToolchain/14.3.rel1/arm-none-eabi/bin/../lib/gcc/arm-none-eabi/14.3.1/../../../../arm-none-eabi/lib/thumb/v6-m/nofp/libg.a(libc_a-calloc.o)
                              CMakeFiles/hgttg_guide.dir/Users/paulwyman/pico/pico-sdk/src/rp2_common/pico_malloc/malloc.c.o (calloc)
/Applications/ArmGNUToolchain/14.3.rel1/arm-none-eabi/bin/../lib/gcc/arm-none-eabi/14.3.1/../../../../arm-none-eabi/lib/thumb/v6-m/nofp/libg.a(libc_a-callocr.o)
                              /Applications/ArmGNUToolchain/14.3.rel1/arm-none-eabi/bin/../lib/gcc/arm-none-eabi/14.3.1/../../../../arm-none-eabi/lib/thumb/v6-m/nofp/libg.a(libc_a-calloc.o) (_calloc_r)
/Applications/ArmGNUToolchain/14.3.rel1/arm-none-eabi/bin/../lib/gcc/arm-none-eabi/14.3.1/../../../../arm-none-eabi/lib/thumb/v6-m/nofp/libg.a(libc_a-malloc.o)
                              CMakeFiles/hgttg_guide.dir/Users/paulwyman/pico/pico-sdk/src/rp2_common/pico_malloc/malloc.c.o (malloc)
/Applications/ArmGNUToolchain/14.3.rel1/arm-none-eabi/bin/../lib/gcc/arm-none-eabi/14.3.1/../../../../arm-none-eabi/lib/thumb/v6-m/nofp/libg.a(libc_a-mallocr.o)
                              /Applications/ArmGNUToolchain/14.3.rel1/arm-none-eabi/bin/../lib/gcc/arm-none-eabi/14.3.1/../../../../arm-none-eabi/lib/thumb/v6-m/nofp/libg.a(libc_a-callocr.o) (_malloc_r)
/Applications/ArmGNUToolchain/14.3.rel1/arm-none-eabi/bin/../lib/gcc/arm-none-eabi/14.3.1/../../../../arm-none-eabi/lib/thumb/v6-m/nofp/libg.a(libc_a-mlock.o)
                              /Applications/ArmGNUToolchain/14.3.rel1/arm-none-eabi/bin/../lib/gcc/arm-none-eabi/14.3.1/../../../../arm-none-eabi/lib/thumb/v6-m/nofp/libg.a(libc_a-mallocr.o) (__malloc_lock)
/Applications/ArmGNUToolchain/14.3.rel1/arm-none-eabi/bin/../lib/gcc/arm-none-eabi/14.3.1/../../../../arm-none-eabi/lib/thumb/v6-m/nofp/libg.a(libc_a-rand.o)
                              CMakeFiles/hgttg_guide.dir/main_bootloader.c.o (rand)
/Applications/ArmGNUToolchain/14.3.rel1/arm-none-eabi/bin/../lib/gcc/arm-none-eabi/14.3.1/../../../../arm-none-eabi/lib/thumb/v6-m/nofp/libg.a(libc_a-realloc.o)
                              CMakeFiles/hgttg_guide.dir/Users/paulwyman/pico/pico-sdk/src/rp2_common/pico_malloc/malloc.c.o (realloc)
/Applications/ArmGNUToolchain/14.3.rel1/arm-none-eabi/bin/../lib/gcc/arm-none-eabi/14.3.1/../../../../arm-none-eabi/lib/thumb/v6-m/nofp/libg.a(libc_a-reallocr.o)
                              /Applications/ArmGNUToolchain/14.3.rel1/arm-none-eabi/bin/../lib/gcc/arm-none-eabi/14.3.1/../../../../arm-none-eabi/lib/thumb/v6-m/nofp/libg.a(libc_a-realloc.o) (_realloc_r)
/Applications/ArmGNUToolchain/14.3.rel1/arm-none-eabi/bin/../lib/gcc/arm-none-eabi/14.3.1/../../../../arm-none-eabi/lib/thumb/v6-m/nofp/libg.a(libc_a-memcmp.o)
                              CMakeFiles/hgttg_guide.dir/Users/paulwyman/pico/pico-sdk/src/rp2_common/pico_atomic/atomic.c.o (memcmp)
/Applications/ArmGNUToolchain/14.3.rel1/arm-none-eabi/bin/../lib/gcc/arm-none-eabi/14.3.1/../../../../arm-none-eabi/lib/thumb/v6-m/nofp/libg.a(libc_a-memmove.o)
                              /Applications/ArmGNUToolchain/14.3.rel1/arm-none-eabi/bin/../lib/gcc/arm-none-eabi/14.3.1/../../../../arm-none-eabi/lib/thumb/v6-m/nofp/libg.a(libc_a-reallocr.o) (memmove)
/Applications/ArmGNUToolchain/14.3.rel1/arm-none-eabi/bin/../lib/gcc/arm-none-eabi/14.3.1/../../../../arm-none-eabi/lib/thumb/v6-m/nofp/libg.a(libc_a-lcltime_r.o)
                              CMakeFiles/hgttg_guide.dir/Users/paulwyman/pico/pico-sdk/src/common/pico_util/datetime.c.o (localtime_r)
/Applications/ArmGNUToolchain/14.3.rel1/arm-none-eabi/bin/../lib/gcc/arm-none-eabi/14.3.1/../../../../arm-none-eabi/lib/thumb/v6-m/nofp/libg.a(libc_a-mktime.o)
                              CMakeFiles/hgttg_guide.dir/Users/paulwyman/pico/pico-sdk/src/common/pico_util/datetime.c.o (mktime)
/Applications/ArmGNUToolchain/14.3.rel1/arm-none-eabi/bin/../lib/gcc/arm-none-eabi/14.3.1/../../../../arm-none-eabi/lib/thumb/v6-m/nofp/libg.a(libc_a-month_lengths.o)
                              /Applications/ArmGNUToolchain/14.3.rel1/arm-none-eabi/bin/../lib/gcc/arm-none-eabi/14.3.1/../../../../arm-none-eabi/lib/thumb/v6-m/nofp/libg.a(libc_a-lcltime_r.o) (__month_lengths)
/Applications/ArmGNUToolchain/14.3.rel1/arm-none-eabi/bin/../lib/gcc/arm-none-eabi/14.3.1/../../../../arm-none-eabi/lib/thumb/v6-m/nofp/libg.a(libc_a-tzcalc_limits.o)
                              /Applications/ArmGNUToolchain/14.3.rel1/arm-none-eabi/bin/../lib/gcc/arm-none-eabi/14.3.1/../../../../arm-none-eabi/lib/thumb/v6-m/nofp/libg.a(libc_a-lcltime_r.o) (__tzcalc_limits)
[...]
Memory Configuration

Name             Origin             Length             Attributes
FLASH            0x10000000         0x00200000         xr
RAM              0x20000000         0x00040000         xrw
SCRATCH_X        0x20040000         0x00001000         xrw
SCRATCH_Y        0x20041000         0x00001000         xrw
*default*        0x00000000         0xffffffff

Linker script and memory map

LOAD /Applications/ArmGNUToolchain/14.3.rel1/arm-none-eabi/bin/../lib/gcc/arm-none-eabi/14.3.1/thumb/v6-m/nofp/crti.o
LOAD /Applications/ArmGNUToolchain/14.3.rel1/arm-none-eabi/bin/../lib/gcc/arm-none-eabi/14.3.1/thumb/v6-m/nofp/crtbegin.o
LOAD /Applications/ArmGNUToolchain/14.3.rel1/arm-none-eabi/bin/../lib/gcc/arm-none-eabi/14.3.1/../../../../arm-none-eabi/lib/thumb/v6-m/nofp/crt0.o

.flash_begin    0x10000000        0x0
                0x10000000                        __flash_binary_start = .

.boot2          0x10000000      0x100
                0x10000000                        __boot2_start__ = .
 *(.boot2)
 .boot2         0x10000000      0x100 pico-sdk/src/rp2040/boot_stage2/CMakeFiles/bs2_default_library.dir/bs2_default_padded_checksummed.S.o
                0x10000100                        __boot2_end__ = .
                0x00000001                        ASSERT (((__boot2_end__ - __boot2_start__) == 0x100), ERROR: Pico second stage bootloader must be 256 bytes in size)

.text           0x10000100     0xa268
                0x10000100                        __logical_binary_start = .
 *(.vectors)
 .vectors       0x10000100       0xd4 CMakeFiles/hgttg_guide.dir/Users/paulwyman/pico/pico-sdk/src/rp2_common/pico_crt0/crt0.S.o
                0x10000100                __VECTOR_TABLE
                0x10000100                __vectors
                0x100001c0                isr_irq13
                0x100001c0                isr_irq27
                0x100001c0                isr_irq31
                0x100001c0                isr_irq5
                0x100001c0                isr_irq11
                0x100001c0                isr_irq23
                0x100001c0                isr_irq18
                0x100001c0                isr_irq9
                0x100001c0                __unhandled_user_irq
                0x100001c0                isr_irq25
                0x100001c0                isr_irq4
                0x100001c0                isr_irq16
                0x100001c0                isr_irq29
                0x100001c0                isr_irq26
                0x100001c0                isr_irq3
                0x100001c0                isr_irq12
                0x100001c0                isr_irq30
                0x100001c0                isr_irq28
                0x100001c0                isr_irq19
                0x100001c0                isr_irq0
                0x100001c0                isr_irq6
                0x100001c0                isr_irq22
                0x100001c0                isr_irq17
                0x100001c0                isr_irq14
                0x100001c0                __vectors_end
                0x100001c0                __default_isrs_start
                0x100001c0                isr_irq2
                0x100001c0                isr_irq10
                0x100001c0                isr_irq8
                0x100001c0                isr_irq24
                0x100001c0                isr_irq1
                0x100001c0                isr_irq7
                0x100001c0                isr_irq21
                0x100001c0                isr_irq20
                0x100001c0                isr_irq15
                0x100001c6                unhandled_user_irq_num_in_r0
                0x100001c8                isr_invalid
                0x100001ca                isr_nmi
                0x100001cc                isr_hardfault
                0x100001ce                isr_svcall
                0x100001d0                isr_pendsv
                0x100001d2                isr_systick
                0x100001d4                __default_isrs_end
 *(.binary_info_header)
 .binary_info_header
                0x100001d4       0x14 CMakeFiles/hgttg_guide.dir/Users/paulwyman/pico/pico-sdk/src/rp2_common/pico_crt0/crt0.S.o
                0x100001e8                        __binary_info_header_end = .
 *(.embedded_block)
                0x100001e8                        __embedded_block_end = .
 *(.reset)
 .reset         0x100001e8       0x9c CMakeFiles/hgttg_guide.dir/Users/paulwyman/pico/pico-sdk/src/rp2_common/pico_crt0/crt0.S.o
                0x100001e8                _entry_point
 *(.init)
 .init          0x10000284        0x4 /Applications/ArmGNUToolchain/14.3.rel1/arm-none-eabi/bin/../lib/gcc/arm-none-eabi/14.3.1/thumb/v6-m/nofp/crti.o
                0x10000284                _init
 *(EXCLUDE_FILE(*libm.a: *libc.a:*lib_a-mem*.o *libgcc.a:) .text*)
 .text.register_tm_clones
                0x10000288       0x28 /Applications/ArmGNUToolchain/14.3.rel1/arm-none-eabi/bin/../lib/gcc/arm-none-eabi/14.3.1/thumb/v6-m/nofp/crtbegin.o
 .text.frame_dummy
                0x100002b0       0x24 /Applications/ArmGNUToolchain/14.3.rel1/arm-none-eabi/bin/../lib/gcc/arm-none-eabi/14.3.1/thumb/v6-m/nofp/crtbegin.o
 .text.lcd_pixel.part.0
                0x100002d4      0x144 CMakeFiles/hgttg_guide.dir/main_bootloader.c.o
 .text.init_keyboard
                0x10000418       0x38 CMakeFiles/hgttg_guide.dir/main_bootloader.c.o
                0x10000418                init_keyboard
 .text.spi_write_command
                0x10000450       0x2c CMakeFiles/hgttg_guide.dir/main_bootloader.c.o
                0x10000450                spi_write_command
 .text.spi_write_data
                0x1000047c       0x2c CMakeFiles/hgttg_guide.dir/main_bootloader.c.o
                0x1000047c                spi_write_data
 .text.pico_lcd_init
                0x100004a8      0x6a0 CMakeFiles/hgttg_guide.dir/main_bootloader.c.o
                0x100004a8                pico_lcd_init
 .text.init_display
                0x10000b48       0x68 CMakeFiles/hgttg_guide.dir/main_bootloader.c.o
                0x10000b48                init_display
 .text.lcd_clear
                0x10000bb0      0x144 CMakeFiles/hgttg_guide.dir/main_bootloader.c.o
                0x10000bb0                lcd_clear
 .text.lcd_pixel
                0x10000cf4       0x14 CMakeFiles/hgttg_guide.dir/main_bootloader.c.o
                0x10000cf4                lcd_pixel
 .text.lcd_line
                0x10000d08       0x9c CMakeFiles/hgttg_guide.dir/main_bootloader.c.o
                0x10000d08                lcd_line
 .text.lcd_rect
                0x10000da4      0x25c CMakeFiles/hgttg_guide.dir/main_bootloader.c.o
                0x10000da4                lcd_rect
 .text.lcd_fill_rect
                0x10001000       0xc0 CMakeFiles/hgttg_guide.dir/main_bootloader.c.o
                0x10001000                lcd_fill_rect
 .text.lcd_fill_circle
                0x100010c0       0x88 CMakeFiles/hgttg_guide.dir/main_bootloader.c.o
                0x100010c0                lcd_fill_circle
 .text.lcd_hline
                0x10001148       0x38 CMakeFiles/hgttg_guide.dir/main_bootloader.c.o
                0x10001148                lcd_hline
 .text.lcd_vline
                0x10001180       0x38 CMakeFiles/hgttg_guide.dir/main_bootloader.c.o
                0x10001180                lcd_vline
 .text.lcd_text
                0x100011b8      0x610 CMakeFiles/hgttg_guide.dir/main_bootloader.c.o
                0x100011b8                lcd_text
 .text.draw_boot_screen
                0x100017c8       0x70 CMakeFiles/hgttg_guide.dir/main_bootloader.c.o
                0x100017c8                draw_boot_screen
 .text.draw_menu
                0x10001838      0x104 CMakeFiles/hgttg_guide.dir/main_bootloader.c.o
                0x10001838                draw_menu
 .text.draw_browse
                0x1000193c      0x480 CMakeFiles/hgttg_guide.dir/main_bootloader.c.o
                0x1000193c                draw_browse
 .text.draw_article
                0x10001dbc      0x5bc CMakeFiles/hgttg_guide.dir/main_bootloader.c.o
                0x10001dbc                draw_article
 .text.perform_search
                0x10002378      0x180 CMakeFiles/hgttg_guide.dir/main_bootloader.c.o
                0x10002378                perform_search
 .text.draw_search
                0x100024f8      0x5d0 CMakeFiles/hgttg_guide.dir/main_bootloader.c.o
                0x100024f8                draw_search
 .text.read_keyboard
                0x10002ac8       0x9c CMakeFiles/hgttg_guide.dir/main_bootloader.c.o
                0x10002ac8                read_keyboard
 .text.handle_input
                0x10002b64      0x2c0 CMakeFiles/hgttg_guide.dir/main_bootloader.c.o
                0x10002b64                handle_input
 .text.startup.main
                0x10002e24       0x54 CMakeFiles/hgttg_guide.dir/main_bootloader.c.o
                0x10002e24                main
 .text.draw_rounded_rect.constprop.0
                0x10002e78      0x3e4 CMakeFiles/hgttg_guide.dir/enhanced_display.c.o
 .text.draw_rounded_rect.constprop.1
                0x1000325c      0x234 CMakeFiles/hgttg_guide.dir/enhanced_display.c.o
 .text.draw_rounded_rect.constprop.2
                0x10003490      0x158 CMakeFiles/hgttg_guide.dir/enhanced_display.c.o
 .text.draw_large_text.constprop.0
                0x100035e8      0x240 CMakeFiles/hgttg_guide.dir/enhanced_display.c.o
 .text.draw_large_text.constprop.2
                0x10003828      0x108 CMakeFiles/hgttg_guide.dir/enhanced_display.c.o
 .text.draw_large_text.constprop.3
                0x10003930      0x108 CMakeFiles/hgttg_guide.dir/enhanced_display.c.o
 .text.draw_large_text
                0x10003a38      0x128 CMakeFiles/hgttg_guide.dir/enhanced_display.c.o
                0x10003a38                draw_large_text
 .text.draw_outlined_text
                0x10003b60       0xbc CMakeFiles/hgttg_guide.dir/enhanced_display.c.o
                0x10003b60                draw_outlined_text
 .text.draw_gradient_rect
                0x10003c1c      0x1a4 CMakeFiles/hgttg_guide.dir/enhanced_display.c.o
                0x10003c1c                draw_gradient_rect
 .text.draw_rounded_rect
                0x10003dc0      0x1a4 CMakeFiles/hgttg_guide.dir/enhanced_display.c.o
                0x10003dc0                draw_rounded_rect
 .text.draw_article_header
                0x10003f64      0x404 CMakeFiles/hgttg_guide.dir/enhanced_display.c.o
                0x10003f64                draw_article_header
 .text.draw_babel_fish_diagram
                0x10004368      0x240 CMakeFiles/hgttg_guide.dir/enhanced_display.c.o
                0x10004368                draw_babel_fish_diagram
 .text.draw_earth_diagram
                0x100045a8      0x2dc CMakeFiles/hgttg_guide.dir/enhanced_display.c.o
                0x100045a8                draw_earth_diagram
 .text.draw_towel_diagram
                0x10004884      0x27c CMakeFiles/hgttg_guide.dir/enhanced_display.c.o
                0x10004884                draw_towel_diagram
 .text.draw_vogon_diagram
                0x10004b00      0x18c CMakeFiles/hgttg_guide.dir/enhanced_display.c.o
                0x10004b00                draw_vogon_diagram
 .text.draw_heart_of_gold_diagram
                0x10004c8c      0x1c8 CMakeFiles/hgttg_guide.dir/enhanced_display.c.o
                0x10004c8c                draw_heart_of_gold_diagram
 .text.draw_zaphod_diagram
                0x10004e54      0x1a0 CMakeFiles/hgttg_guide.dir/enhanced_display.c.o
                0x10004e54                draw_zaphod_diagram
 .text.draw_marvin_diagram
                0x10004ff4      0x174 CMakeFiles/hgttg_guide.dir/enhanced_display.c.o
                0x10004ff4                draw_marvin_diagram
 .text.draw_42_diagram
                0x10005168      0x220 CMakeFiles/hgttg_guide.dir/enhanced_display.c.o
                0x10005168                draw_42_diagram
 .text.draw_dont_panic_diagram
                0x10005388      0x210 CMakeFiles/hgttg_guide.dir/enhanced_display.c.o
                0x10005388                draw_dont_panic_diagram
 .text.draw_pan_galactic_diagram
                0x10005598      0x1f8 CMakeFiles/hgttg_guide.dir/enhanced_display.c.o
                0x10005598                draw_pan_galactic_diagram
 .text.draw_menu_item
                0x10005790       0x6c CMakeFiles/hgttg_guide.dir/enhanced_display.c.o
                0x10005790                draw_menu_item
 .text.draw_scroll_indicator
                0x100057fc       0x68 CMakeFiles/hgttg_guide.dir/enhanced_display.c.o
                0x100057fc                draw_scroll_indicator
 .text.draw_loading_animation
                0x10005864      0x114 CMakeFiles/hgttg_guide.dir/enhanced_display.c.o
                0x10005864                draw_loading_animation
 .text.draw_compressed_image
                0x10005978       0xb0 CMakeFiles/hgttg_guide.dir/dont_panic_image.c.o
                0x10005978                draw_compressed_image
 .text.gpio_set_function
                0x10005a28       0x34 CMakeFiles/hgttg_guide.dir/Users/paulwyman/pico/pico-sdk/src/rp2_common/hardware_gpio/gpio.c.o
                0x10005a28                gpio_set_function
 .text.gpio_set_pulls
                0x10005a5c       0x28 CMakeFiles/hgttg_guide.dir/Users/paulwyman/pico/pico-sdk/src/rp2_common/hardware_gpio/gpio.c.o
                0x10005a5c                gpio_set_pulls
 .text.gpio_init
                0x10005a84       0x40 CMakeFiles/hgttg_guide.dir/Users/paulwyman/pico/pico-sdk/src/rp2_common/hardware_gpio/gpio.c.o
                0x10005a84                gpio_init
 .text.panic    0x10005ac4       0x30 CMakeFiles/hgttg_guide.dir/Users/paulwyman/pico/pico-sdk/src/rp2_common/pico_platform_panic/panic.c.o
                0x10005ac4                panic
 .text.hw_claim_or_assert
                0x10005af4       0x44 CMakeFiles/hgttg_guide.dir/Users/paulwyman/pico/pico-sdk/src/common/hardware_claim/claim.c.o
                0x10005af4                hw_claim_or_assert
 .text.next_striped_spin_lock_num
                0x10005b38       0x18 CMakeFiles/hgttg_guide.dir/Users/paulwyman/pico/pico-sdk/src/rp2_common/hardware_sync/sync.c.o
                0x10005b38                next_striped_spin_lock_num
 .text.spin_locks_reset
                0x10005b50       0x1c CMakeFiles/hgttg_guide.dir/Users/paulwyman/pico/pico-sdk/src/rp2_common/hardware_sync_spin_lock/sync_spin_lock.c.o
                0x10005b50                spin_locks_reset
 .text.runtime_init_per_core_irq_priorities
                0x10005b6c       0x24 CMakeFiles/hgttg_guide.dir/Users/paulwyman/pico/pico-sdk/src/rp2_common/hardware_irq/irq.c.o
                0x10005b6c                runtime_init_per_core_irq_priorities
 .text.irq_set_enabled
                0x10005b90       0x24 CMakeFiles/hgttg_guide.dir/Users/paulwyman/pico/pico-sdk/src/rp2_common/hardware_irq/irq.c.o
                0x10005b90                irq_set_enabled
 .text.irq_set_exclusive_handler
                0x10005bb4       0x54 CMakeFiles/hgttg_guide.dir/Users/paulwyman/pico/pico-sdk/src/rp2_common/hardware_irq/irq.c.o
                0x10005bb4                irq_set_exclusive_handler
 .text.lock_init
                0x10005c08       0x10 CMakeFiles/hgttg_guide.dir/Users/paulwyman/pico/pico-sdk/src/common/pico_sync/lock_core.c.o
                0x10005c08                lock_init
 .text.runtime_init_mutex
                0x10005c18       0x50 CMakeFiles/hgttg_guide.dir/Users/paulwyman/pico/pico-sdk/src/common/pico_sync/mutex.c.o
                0x10005c18                runtime_init_mutex
 .text.sleep_until_callback
                0x10005c68       0x30 CMakeFiles/hgttg_guide.dir/Users/paulwyman/pico/pico-sdk/src/common/pico_time/time.c.o
 .text.alarm_pool_irq_handler
                0x10005c98      0x2f8 CMakeFiles/hgttg_guide.dir/Users/paulwyman/pico/pico-sdk/src/common/pico_time/time.c.o
 .text.runtime_init_default_alarm_pool
                0x10005f90       0xdc CMakeFiles/hgttg_guide.dir/Users/paulwyman/pico/pico-sdk/src/common/pico_time/time.c.o
                0x10005f90                runtime_init_default_alarm_pool
 .text.alarm_pool_add_alarm_at_force_in_context
                0x1000606c       0xb0 CMakeFiles/hgttg_guide.dir/Users/paulwyman/pico/pico-sdk/src/common/pico_time/time.c.o
                0x1000606c                alarm_pool_add_alarm_at_force_in_context
 .text.alarm_pool_cancel_alarm
                0x1000611c       0x74 CMakeFiles/hgttg_guide.dir/Users/paulwyman/pico/pico-sdk/src/common/pico_time/time.c.o
                0x1000611c                alarm_pool_cancel_alarm
 .text.sleep_ms
                0x10006190       0xfc CMakeFiles/hgttg_guide.dir/Users/paulwyman/pico/pico-sdk/src/common/pico_time/time.c.o
                0x10006190                sleep_ms
 .text.best_effort_wfe_or_timeout
                0x1000628c      0x10c CMakeFiles/hgttg_guide.dir/Users/paulwyman/pico/pico-sdk/src/common/pico_time/time.c.o
                0x1000628c                best_effort_wfe_or_timeout
 .text.check_single_timeout_us
                0x10006398       0x24 CMakeFiles/hgttg_guide.dir/Users/paulwyman/pico/pico-sdk/src/common/pico_time/timeout_helper.c.o
 .text.init_single_timeout_until
                0x100063bc        0xc CMakeFiles/hgttg_guide.dir/Users/paulwyman/pico/pico-sdk/src/common/pico_time/timeout_helper.c.o
                0x100063bc                init_single_timeout_until
 .text.timer_hardware_alarm_claim
                0x100063c8       0x14 CMakeFiles/hgttg_guide.dir/Users/paulwyman/pico/pico-sdk/src/rp2_common/hardware_timer/timer.c.o
                0x100063c8                timer_hardware_alarm_claim
 .text.timer_time_us_64
                0x100063dc       0x10 CMakeFiles/hgttg_guide.dir/Users/paulwyman/pico/pico-sdk/src/rp2_common/hardware_timer/timer.c.o
                0x100063dc                timer_time_us_64
 .text.time_us_64
                0x100063ec       0x14 CMakeFiles/hgttg_guide.dir/Users/paulwyman/pico/pico-sdk/src/rp2_common/hardware_timer/timer.c.o
                0x100063ec                time_us_64
 .text.busy_wait_until
                0x10006400       0x20 CMakeFiles/hgttg_guide.dir/Users/paulwyman/pico/pico-sdk/src/rp2_common/hardware_timer/timer.c.o
                0x10006400                busy_wait_until
 .text.clock_configure_int_divider
                0x10006420       0xf4 CMakeFiles/hgttg_guide.dir/Users/paulwyman/pico/pico-sdk/src/rp2_common/hardware_clocks/clocks.c.o
                0x10006420                clock_configure_int_divider
 .text.clock_configure_undivided
                0x10006514       0xe8 CMakeFiles/hgttg_guide.dir/Users/paulwyman/pico/pico-sdk/src/rp2_common/hardware_clocks/clocks.c.o
                0x10006514                clock_configure_undivided
 .text.clock_get_hz
                0x100065fc        0xc CMakeFiles/hgttg_guide.dir/Users/paulwyman/pico/pico-sdk/src/rp2_common/hardware_clocks/clocks.c.o
                0x100065fc                clock_get_hz
 .text.pll_init
                0x10006608       0xa4 CMakeFiles/hgttg_guide.dir/Users/paulwyman/pico/pico-sdk/src/rp2_common/hardware_pll/pll.c.o
                0x10006608                pll_init
 .text.tick_start
                0x100066ac       0x10 CMakeFiles/hgttg_guide.dir/Users/paulwyman/pico/pico-sdk/src/rp2_common/hardware_ticks/ticks.c.o
                0x100066ac                tick_start
 .text.rom_func_lookup
                0x100066bc       0x10 CMakeFiles/hgttg_guide.dir/Users/paulwyman/pico/pico-sdk/src/rp2_common/pico_bootrom/bootrom.c.o
                0x100066bc                rom_func_lookup
 .text.rom_data_lookup
                0x100066cc       0x10 CMakeFiles/hgttg_guide.dir/Users/paulwyman/pico/pico-sdk/src/rp2_common/pico_bootrom/bootrom.c.o
                0x100066cc                rom_data_lookup
 .text.rom_funcs_lookup
                0x100066dc       0x44 CMakeFiles/hgttg_guide.dir/Users/paulwyman/pico/pico-sdk/src/rp2_common/pico_bootrom/bootrom.c.o
                0x100066dc                rom_funcs_lookup
 .text.xosc_init
                0x10006720       0x28 CMakeFiles/hgttg_guide.dir/Users/paulwyman/pico/pico-sdk/src/rp2_common/hardware_xosc/xosc.c.o
                0x10006720                xosc_init
 .text.first_per_core_initializer
                0x10006748        0x4 CMakeFiles/hgttg_guide.dir/Users/paulwyman/pico/pico-sdk/src/rp2_common/pico_runtime/runtime.c.o
 .text.hard_assertion_failure
                0x1000674c        0xc CMakeFiles/hgttg_guide.dir/Users/paulwyman/pico/pico-sdk/src/rp2_common/pico_runtime/runtime.c.o
                0x1000674c                hard_assertion_failure
 .text.runtime_run_initializers
                0x10006758       0x28 CMakeFiles/hgttg_guide.dir/Users/paulwyman/pico/pico-sdk/src/rp2_common/pico_runtime/runtime.c.o
                0x10006758                runtime_run_initializers
 .text.runtime_init_early_resets
                0x10006780       0x2c CMakeFiles/hgttg_guide.dir/Users/paulwyman/pico/pico-sdk/src/rp2_common/pico_runtime_init/runtime_init.c.o
                0x10006780                runtime_init_early_resets
 .text.runtime_init_usb_power_down
                0x100067ac       0x1c CMakeFiles/hgttg_guide.dir/Users/paulwyman/pico/pico-sdk/src/rp2_common/pico_runtime_init/runtime_init.c.o
                0x100067ac                runtime_init_usb_power_down
 .text.runtime_init_post_clock_resets
                0x100067c8       0x20 CMakeFiles/hgttg_guide.dir/Users/paulwyman/pico/pico-sdk/src/rp2_common/pico_runtime_init/runtime_init.c.o
                0x100067c8                runtime_init_post_clock_resets
 .text.runtime_init_rp2040_gpio_ie_disable
                0x100067e8       0x14 CMakeFiles/hgttg_guide.dir/Users/paulwyman/pico/pico-sdk/src/rp2_common/pico_runtime_init/runtime_init.c.o
                0x100067e8                runtime_init_rp2040_gpio_ie_disable
 .text.runtime_init_spin_locks_reset
                0x100067fc        0x8 CMakeFiles/hgttg_guide.dir/Users/paulwyman/pico/pico-sdk/src/rp2_common/pico_runtime_init/runtime_init.c.o
                0x100067fc                runtime_init_spin_locks_reset
 .text.runtime_init_install_ram_vector_table
                0x10006804       0xb4 CMakeFiles/hgttg_guide.dir/Users/paulwyman/pico/pico-sdk/src/rp2_common/pico_runtime_init/runtime_init.c.o
                0x10006804                runtime_init_install_ram_vector_table
 .text.runtime_init_clocks
                0x100068b8       0xd8 CMakeFiles/hgttg_guide.dir/Users/paulwyman/pico/pico-sdk/src/rp2_common/pico_runtime_init/runtime_init_clocks.c.o
                0x100068b8                runtime_init_clocks
 .text          0x10006990       0x10 CMakeFiles/hgttg_guide.dir/Users/paulwyman/pico/pico-sdk/src/rp2_common/pico_bit_ops/bit_ops_aeabi.S.o
 .text.__wrap___aeabi_idiv
                0x100069a0       0x50 CMakeFiles/hgttg_guide.dir/Users/paulwyman/pico/pico-sdk/src/rp2_common/pico_divider/divider_hardware.S.o
                0x100069a0                __wrap___aeabi_idivmod
                0x100069a0                divmod_s32s32
                0x100069a0                div_s32s32
                0x100069a0                __wrap___aeabi_idiv
                0x100069a8                divmod_s32s32_unsafe
                0x100069d4                divmod_s32s32_savestate
 .text.__wrap___aeabi_uidiv
                0x100069f0       0x4c CMakeFiles/hgttg_guide.dir/Users/paulwyman/pico/pico-sdk/src/rp2_common/pico_divider/divider_hardware.S.o
                0x100069f0                __wrap___aeabi_uidiv
                0x100069f0                __wrap___aeabi_uidivmod
                0x100069f0                div_u32u32
                0x100069f0                divmod_u32u32
                0x100069f8                divmod_u32u32_unsafe
                0x10006a20                divmod_u32u32_savestate
 .text.__wrap___aeabi_ldiv
                0x10006a3c      0x424 CMakeFiles/hgttg_guide.dir/Users/paulwyman/pico/pico-sdk/src/rp2_common/pico_divider/divider_hardware.S.o
                0x10006a3c                __wrap___aeabi_ldivmod
                0x10006a3c                div_s64s64
                0x10006a3c                divmod_s64s64
                0x10006a6c                divmod_u64u64
                0x10006a6c                div_u64u64
                0x10006a6c                __wrap___aeabi_uldivmod
                0x10006a7c                divmod_u64u64_savestate
                0x10006a9c                divmod_s64s64_unsafe
                0x10006b24                divmod_u64u64_unsafe
 .text.push_r8_r11
                0x10006e60        0xc CMakeFiles/hgttg_guide.dir/Users/paulwyman/pico/pico-sdk/src/rp2_common/pico_double/double_aeabi_rp2040.S.o
                0x10006e60                push_r8_r11
 .text.pop_r8_r11
                0x10006e6c        0xc CMakeFiles/hgttg_guide.dir/Users/paulwyman/pico/pico-sdk/src/rp2_common/pico_double/double_aeabi_rp2040.S.o
                0x10006e6c                pop_r8_r11
 .text.__wrap___aeabi_darithmetic
                0x10006e78       0x80 CMakeFiles/hgttg_guide.dir/Users/paulwyman/pico/pico-sdk/src/rp2_common/pico_double/double_aeabi_rp2040.S.o
                0x10006e78                __wrap___aeabi_drsub
                0x10006e7e                __wrap___aeabi_dsub
                0x10006e90                __wrap___aeabi_dadd
                0x10006ea2                __wrap___aeabi_ddiv
                0x10006ede                __wrap___aeabi_dmul
 .text.__wrap___aeabi_cdcmple
                0x10006ef8       0x6c CMakeFiles/hgttg_guide.dir/Users/paulwyman/pico/pico-sdk/src/rp2_common/pico_double/double_aeabi_rp2040.S.o
                0x10006ef8                __wrap___aeabi_cdrcmple
                0x10006f08                __wrap___aeabi_cdcmple
                0x10006f08                __wrap___aeabi_cdcmpeq
 .text.__wrap___aeabi_dcmplt
                0x10006f64        0xc CMakeFiles/hgttg_guide.dir/Users/paulwyman/pico/pico-sdk/src/rp2_common/pico_double/double_aeabi_rp2040.S.o
                0x10006f64                __wrap___aeabi_dcmplt
 .text.__wrap___aeabi_dcmple
                0x10006f70       0x10 CMakeFiles/hgttg_guide.dir/Users/paulwyman/pico/pico-sdk/src/rp2_common/pico_double/double_aeabi_rp2040.S.o
                0x10006f70                __wrap___aeabi_dcmple
 .text.__wrap___aeabi_dcmpge
                0x10006f80       0x10 CMakeFiles/hgttg_guide.dir/Users/paulwyman/pico/pico-sdk/src/rp2_common/pico_double/double_aeabi_rp2040.S.o
                0x10006f80                __wrap___aeabi_dcmpge
 .text.__wrap___aeabi_dcmpgt
                0x10006f90        0xa CMakeFiles/hgttg_guide.dir/Users/paulwyman/pico/pico-sdk/src/rp2_common/pico_double/double_aeabi_rp2040.S.o
                0x10006f90                __wrap___aeabi_dcmpgt
 .text.__wrap___aeabi_dcmpun
                0x10006f9a       0x18 CMakeFiles/hgttg_guide.dir/Users/paulwyman/pico/pico-sdk/src/rp2_common/pico_double/double_aeabi_rp2040.S.o
                0x10006f9a                __wrap___aeabi_dcmpun
 *fill*         0x10006fb2        0x2 
 .text.__wrap___aeabi_i2d
                0x10006fb4       0x38 CMakeFiles/hgttg_guide.dir/Users/paulwyman/pico/pico-sdk/src/rp2_common/pico_double/double_aeabi_rp2040.S.o
                0x10006fb4                __wrap___aeabi_ui2d
                0x10006fb4                uint2double
                0x10006fbc                __wrap___aeabi_i2d
                0x10006fbc                int2double
 .text.__wrap___aeabi_d2iz
                0x10006fec       0x48 CMakeFiles/hgttg_guide.dir/Users/paulwyman/pico/pico-sdk/src/rp2_common/pico_double/double_aeabi_rp2040.S.o
                0x10006fec                __wrap___aeabi_d2iz
                0x10006fec                double2int_z
 .text.__wrap___aeabi_d2uiz
                0x10007034       0x18 CMakeFiles/hgttg_guide.dir/Users/paulwyman/pico/pico-sdk/src/rp2_common/pico_double/double_aeabi_rp2040.S.o
                0x10007034                double2uint_z
                0x10007034                double2uint
                0x10007034                __wrap___aeabi_d2uiz
 .text.fix642double
                0x1000704c       0x18 CMakeFiles/hgttg_guide.dir/Users/paulwyman/pico/pico-sdk/src/rp2_common/pico_double/double_aeabi_rp2040.S.o
                0x1000704c                fix642double
 .text.__wrap___aeabi_d2f
                0x10007064       0x18 CMakeFiles/hgttg_guide.dir/Users/paulwyman/pico/pico-sdk/src/rp2_common/pico_double/double_aeabi_rp2040.S.o
                0x10007064                __wrap___aeabi_d2f
 .text.__wrap_sincostan_remainder
                0x1000707c       0x14 CMakeFiles/hgttg_guide.dir/Users/paulwyman/pico/pico-sdk/src/rp2_common/pico_double/double_aeabi_rp2040.S.o
                0x1000707c                sincostan_remainder
 .text.__wrap_cos
                0x10007090       0x2c CMakeFiles/hgttg_guide.dir/Users/paulwyman/pico/pico-sdk/src/rp2_common/pico_double/double_aeabi_rp2040.S.o
                0x10007090                __wrap_cos
 .text.__wrap_sin
                0x100070bc       0x2c CMakeFiles/hgttg_guide.dir/Users/paulwyman/pico/pico-sdk/src/rp2_common/pico_double/double_aeabi_rp2040.S.o
                0x100070bc                __wrap_sin
 .text.__aeabi_double_init
                0x100070e8       0xa4 CMakeFiles/hgttg_guide.dir/Users/paulwyman/pico/pico-sdk/src/rp2_common/pico_double/double_init_rom_rp2040.c.o
                0x100070e8                __aeabi_double_init
 .text.__wrap_remquo
                0x1000718c      0x2a0 CMakeFiles/hgttg_guide.dir/Users/paulwyman/pico/pico-sdk/src/rp2_common/pico_double/double_math.c.o
                0x1000718c                __wrap_remquo
 .text.__wrap_remainder
                0x1000742c       0x10 CMakeFiles/hgttg_guide.dir/Users/paulwyman/pico/pico-sdk/src/rp2_common/pico_double/double_math.c.o
                0x1000742c                __wrap_remainder
 .text.double_table_shim_on_use_helper
                0x1000743c       0x2c CMakeFiles/hgttg_guide.dir/Users/paulwyman/pico/pico-sdk/src/rp2_common/pico_double/double_v1_rom_shim_rp2040.S.o
                0x1000743c                double_table_shim_on_use_helper
 .text.__wrap___aeabi_dsub
                0x10007468       0x10 CMakeFiles/hgttg_guide.dir/Users/paulwyman/pico/pico-sdk/src/rp2_common/pico_double/double_v1_rom_shim_rp2040.S.o
                0x10007468                drsub_shim
                0x1000746e                dsub_shim
 .text.dadd_shim
                0x10007478      0x15c CMakeFiles/hgttg_guide.dir/Users/paulwyman/pico/pico-sdk/src/rp2_common/pico_double/double_v1_rom_shim_rp2040.S.o
                0x10007478                dadd_shim
 .text.dmul_shim
                0x100075d4      0x15c CMakeFiles/hgttg_guide.dir/Users/paulwyman/pico/pico-sdk/src/rp2_common/pico_double/double_v1_rom_shim_rp2040.S.o
                0x100075d4                dmul_shim
 .text.ddiv_shim
                0x10007730      0x1b0 CMakeFiles/hgttg_guide.dir/Users/paulwyman/pico/pico-sdk/src/rp2_common/pico_double/double_v1_rom_shim_rp2040.S.o
                0x10007730                ddiv_shim
 .text.dcordic_vec_step
                0x100078e0        0xe CMakeFiles/hgttg_guide.dir/Users/paulwyman/pico/pico-sdk/src/rp2_common/pico_double/double_v1_rom_shim_rp2040.S.o
                0x100078e0                dcordic_vec_step
 .text.dcordic_rot_step
                0x100078ee       0x76 CMakeFiles/hgttg_guide.dir/Users/paulwyman/pico/pico-sdk/src/rp2_common/pico_double/double_v1_rom_shim_rp2040.S.o
                0x100078ee                dcordic_rot_step
 .text.double2uint_shim
                0x10007964        0xe CMakeFiles/hgttg_guide.dir/Users/paulwyman/pico/pico-sdk/src/rp2_common/pico_double/double_v1_rom_shim_rp2040.S.o
                0x10007964                double2uint_shim
                0x10007966                double2ufix_shim
 .text.double2int64_shim
                0x10007972       0x1a CMakeFiles/hgttg_guide.dir/Users/paulwyman/pico/pico-sdk/src/rp2_common/pico_double/double_v1_rom_shim_rp2040.S.o
                0x10007972                double2int64_shim
                0x10007974                double2fix64_shim
 .text.double2uint64_shim
                0x1000798c       0x70 CMakeFiles/hgttg_guide.dir/Users/paulwyman/pico/pico-sdk/src/rp2_common/pico_double/double_v1_rom_shim_rp2040.S.o
                0x1000798c                double2uint64_shim
                0x1000798e                double2ufix64_shim
                0x100079ae                d2fix_a
 .text.double2float_shim
                0x100079fc       0x5c CMakeFiles/hgttg_guide.dir/Users/paulwyman/pico/pico-sdk/src/rp2_common/pico_double/double_v1_rom_shim_rp2040.S.o
                0x100079fc                double2float_shim
 .text.x2double_shims
                0x10007a58       0x90 CMakeFiles/hgttg_guide.dir/Users/paulwyman/pico/pico-sdk/src/rp2_common/pico_double/double_v1_rom_shim_rp2040.S.o
                0x10007a58                uint2double_shim
                0x10007a5a                ufix2double_shim
                0x10007a60                int2double_shim
                0x10007a62                fix2double_shim
                0x10007a68                uint642double_shim
                0x10007a6a                ufix642double_shim
                0x10007a70                int642double_shim
                0x10007a72                fix642double_shim
 .text.dunpacks
                0x10007ae8       0x3c CMakeFiles/hgttg_guide.dir/Users/paulwyman/pico/pico-sdk/src/rp2_common/pico_double/double_v1_rom_shim_rp2040.S.o
                0x10007ae8                dunpacks
 .text.dreduce  0x10007b24       0x82 CMakeFiles/hgttg_guide.dir/Users/paulwyman/pico/pico-sdk/src/rp2_common/pico_double/double_v1_rom_shim_rp2040.S.o
                0x10007b24                dreduce
 .text.dcos_shim
                0x10007ba6       0x10 CMakeFiles/hgttg_guide.dir/Users/paulwyman/pico/pico-sdk/src/rp2_common/pico_double/double_v1_rom_shim_rp2040.S.o
                0x10007ba6                dcos_shim
 .text.dsin_shim
                0x10007bb6       0x14 CMakeFiles/hgttg_guide.dir/Users/paulwyman/pico/pico-sdk/src/rp2_common/pico_double/double_v1_rom_shim_rp2040.S.o
                0x10007bb6                dsin_shim
 *fill*         0x10007bca        0x2 
 .text.dtrig_guts
                0x10007bcc      0x2ec CMakeFiles/hgttg_guide.dir/Users/paulwyman/pico/pico-sdk/src/rp2_common/pico_double/double_v1_rom_shim_rp2040.S.o
                0x10007ca4                datan2_shim
 .text.__aeabi_lmul
                0x10007eb8       0x32 CMakeFiles/hgttg_guide.dir/Users/paulwyman/pico/pico-sdk/src/rp2_common/pico_int64_ops/pico_int64_ops_aeabi.S.o
                0x10007eb8                __wrap___aeabi_lmul
 *fill*         0x10007eea        0x2 
 .text.__wrap___aeabi_farithmetic
                0x10007eec       0x48 CMakeFiles/hgttg_guide.dir/Users/paulwyman/pico/pico-sdk/src/rp2_common/pico_float/float_aeabi_rp2040.S.o
                0x10007eec                __wrap___aeabi_frsub
                0x10007ef2                __wrap___aeabi_fsub
                0x10007ef8                __wrap___aeabi_fadd
                0x10007efe                __wrap___aeabi_fdiv
                0x10007f26                __wrap___aeabi_fmul
 .text.__wrap___aeabi_i2f
                0x10007f34       0x44 CMakeFiles/hgttg_guide.dir/Users/paulwyman/pico/pico-sdk/src/rp2_common/pico_float/float_aeabi_rp2040.S.o
                0x10007f34                int2float
                0x10007f34                __wrap___aeabi_i2f
 .text.__wrap___aeabi_f2uiz
                0x10007f78        0xc CMakeFiles/hgttg_guide.dir/Users/paulwyman/pico/pico-sdk/src/rp2_common/pico_float/float_aeabi_rp2040.S.o
                0x10007f78                float2uint
                0x10007f78                float2uint_z
                0x10007f78                __wrap___aeabi_f2uiz
 .text.__wrap___aeabi_f2d
                0x10007f84       0x14 CMakeFiles/hgttg_guide.dir/Users/paulwyman/pico/pico-sdk/src/rp2_common/pico_float/float_aeabi_rp2040.S.o
                0x10007f84                __wrap___aeabi_f2d
 .text.__aeabi_float_init
                0x10007f98       0x64 CMakeFiles/hgttg_guide.dir/Users/paulwyman/pico/pico-sdk/src/rp2_common/pico_float/float_init_rom_rp2040.c.o
                0x10007f98                __aeabi_float_init
 .text.float_table_shim_on_use_helper
                0x10007ffc       0x2c CMakeFiles/hgttg_guide.dir/Users/paulwyman/pico/pico-sdk/src/rp2_common/pico_float/float_v1_rom_shim_rp2040.S.o
                0x10007ffc                float_table_shim_on_use_helper
 .text.float2double_shim
                0x10008028       0x30 CMakeFiles/hgttg_guide.dir/Users/paulwyman/pico/pico-sdk/src/rp2_common/pico_float/float_v1_rom_shim_rp2040.S.o
                0x10008028                float2double_shim
 .text          0x10008058       0x10 CMakeFiles/hgttg_guide.dir/Users/paulwyman/pico/pico-sdk/src/rp2_common/pico_mem_ops/mem_ops_aeabi.S.o
                0x10008058                __aeabi_mem_init
 .text.memcpy   0x10008068        0xc CMakeFiles/hgttg_guide.dir/Users/paulwyman/pico/pico-sdk/src/rp2_common/pico_mem_ops/mem_ops_aeabi.S.o
                0x10008068                __wrap___aeabi_memcpy
                0x10008068                __wrap_memcpy
 .text._out_buffer
                0x10008074        0x8 CMakeFiles/hgttg_guide.dir/Users/paulwyman/pico/pico-sdk/src/rp2_common/pico_printf/printf.c.o
 .text._out_null
                0x1000807c        0x4 CMakeFiles/hgttg_guide.dir/Users/paulwyman/pico/pico-sdk/src/rp2_common/pico_printf/printf.c.o
 .text._out_rev
                0x10008080       0xac CMakeFiles/hgttg_guide.dir/Users/paulwyman/pico/pico-sdk/src/rp2_common/pico_printf/printf.c.o
 .text._ntoa_format
                0x1000812c      0x1cc CMakeFiles/hgttg_guide.dir/Users/paulwyman/pico/pico-sdk/src/rp2_common/pico_printf/printf.c.o
 .text._out_char
                0x100082f8       0x10 CMakeFiles/hgttg_guide.dir/Users/paulwyman/pico/pico-sdk/src/rp2_common/pico_printf/printf.c.o
 .text._ftoa    0x10008308      0x4a8 CMakeFiles/hgttg_guide.dir/Users/paulwyman/pico/pico-sdk/src/rp2_common/pico_printf/printf.c.o
 .text._etoa    0x100087b0      0x57c CMakeFiles/hgttg_guide.dir/Users/paulwyman/pico/pico-sdk/src/rp2_common/pico_printf/printf.c.o
 .text._vsnprintf
                0x10008d2c      0xbe0 CMakeFiles/hgttg_guide.dir/Users/paulwyman/pico/pico-sdk/src/rp2_common/pico_printf/printf.c.o
 .text.__wrap_snprintf
                0x1000990c       0x28 CMakeFiles/hgttg_guide.dir/Users/paulwyman/pico/pico-sdk/src/rp2_common/pico_printf/printf.c.o
                0x1000990c                __wrap_snprintf
 .text.weak_raw_vprintf
                0x10009934       0x30 CMakeFiles/hgttg_guide.dir/Users/paulwyman/pico/pico-sdk/src/rp2_common/pico_printf/printf.c.o
                0x10009934                weak_raw_vprintf
 .text._exit    0x10009964        0x4 CMakeFiles/hgttg_guide.dir/Users/paulwyman/pico/pico-sdk/src/rp2_common/pico_clib_interface/newlib_interface.c.o
                0x10009964                _exit
 .text.exit     0x10009968        0x8 CMakeFiles/hgttg_guide.dir/Users/paulwyman/pico/pico-sdk/src/rp2_common/pico_clib_interface/newlib_interface.c.o
                0x10009968                exit
 .text.runtime_init
                0x10009970       0x2c CMakeFiles/hgttg_guide.dir/Users/paulwyman/pico/pico-sdk/src/rp2_common/pico_clib_interface/newlib_interface.c.o
                0x10009970                runtime_init
 .text.stdio_out_chars_no_crlf
                0x1000999c       0x10 CMakeFiles/hgttg_guide.dir/Users/paulwyman/pico/pico-sdk/src/rp2_common/pico_stdio/stdio.c.o
 .text.stdio_out_chars_crlf
                0x100099ac       0xb0 CMakeFiles/hgttg_guide.dir/Users/paulwyman/pico/pico-sdk/src/rp2_common/pico_stdio/stdio.c.o
 .text.stdio_put_string
                0x10009a5c       0xfc CMakeFiles/hgttg_guide.dir/Users/paulwyman/pico/pico-sdk/src/rp2_common/pico_stdio/stdio.c.o
                0x10009a5c                stdio_put_string
 .text.__wrap_putchar
                0x10009b58       0x94 CMakeFiles/hgttg_guide.dir/Users/paulwyman/pico/pico-sdk/src/rp2_common/pico_stdio/stdio.c.o
                0x10009b58                stdio_putchar
                0x10009b58                __wrap_putchar
 .text.__wrap_puts
                0x10009bec       0x3c CMakeFiles/hgttg_guide.dir/Users/paulwyman/pico/pico-sdk/src/rp2_common/pico_stdio/stdio.c.o
                0x10009bec                __wrap_puts
                0x10009bec                stdio_puts
 .text.spi_init
                0x10009c28      0x13c CMakeFiles/hgttg_guide.dir/Users/paulwyman/pico/pico-sdk/src/rp2_common/hardware_spi/spi.c.o
                0x10009c28                spi_init
 .text.i2c_write_blocking_internal
                0x10009d64      0x1b8 CMakeFiles/hgttg_guide.dir/Users/paulwyman/pico/pico-sdk/src/rp2_common/hardware_i2c/i2c.c.o
 .text.i2c_read_blocking_internal
                0x10009f1c      0x100 CMakeFiles/hgttg_guide.dir/Users/paulwyman/pico/pico-sdk/src/rp2_common/hardware_i2c/i2c.c.o
 .text.i2c_set_baudrate
                0x1000a01c       0xc0 CMakeFiles/hgttg_guide.dir/Users/paulwyman/pico/pico-sdk/src/rp2_common/hardware_i2c/i2c.c.o
                0x1000a01c                i2c_set_baudrate
 .text.i2c_init
                0x1000a0dc       0x50 CMakeFiles/hgttg_guide.dir/Users/paulwyman/pico/pico-sdk/src/rp2_common/hardware_i2c/i2c.c.o
                0x1000a0dc                i2c_init
 .text.i2c_write_blocking_until
                0x1000a12c       0x48 CMakeFiles/hgttg_guide.dir/Users/paulwyman/pico/pico-sdk/src/rp2_common/hardware_i2c/i2c.c.o
                0x1000a12c                i2c_write_blocking_until
 .text.i2c_read_blocking_until
                0x1000a174       0x48 CMakeFiles/hgttg_guide.dir/Users/paulwyman/pico/pico-sdk/src/rp2_common/hardware_i2c/i2c.c.o
                0x1000a174                i2c_read_blocking_until
 .text.rand     0x1000a1bc       0x34 /Applications/ArmGNUToolchain/14.3.rel1/arm-none-eabi/bin/../lib/gcc/arm-none-eabi/14.3.1/../../../../arm-none-eabi/lib/thumb/v6-m/nofp/libg.a(libc_a-rand.o)
                0x1000a1bc                rand
 .text          0x1000a1f0       0x88 /Applications/ArmGNUToolchain/14.3.rel1/arm-none-eabi/bin/../lib/gcc/arm-none-eabi/14.3.1/../../../../arm-none-eabi/lib/thumb/v6-m/nofp/libg.a(libc_a-strcmp.o)
                0x1000a1f0                strcmp
 .text.strlen   0x1000a278       0x5c /Applications/ArmGNUToolchain/14.3.rel1/arm-none-eabi/bin/../lib/gcc/arm-none-eabi/14.3.1/../../../../arm-none-eabi/lib/thumb/v6-m/nofp/libg.a(libc_a-strlen-stub.o)
                0x1000a278                strlen
 *(.fini)
 .fini          0x1000a2d4        0x4 /Applications/ArmGNUToolchain/14.3.rel1/arm-none-eabi/bin/../lib/gcc/arm-none-eabi/14.3.1/thumb/v6-m/nofp/crti.o
                0x1000a2d4                _fini
 .fini.__stub   0x1000a2d8       0x50 linker stubs
 *crtbegin.o(.ctors)
 *crtbegin?.o(.ctors)
 *(EXCLUDE_FILE(*crtend.o *crtend?.o) .ctors)
 *(SORT_BY_NAME(.ctors.*))
 *(.ctors)
 *crtbegin.o(.dtors)
 *crtbegin?.o(.dtors)
 *(EXCLUDE_FILE(*crtend.o *crtend?.o) .dtors)
 *(SORT_BY_NAME(.dtors.*))
 *(.dtors)
                0x1000a328                        . = ALIGN (0x4)
                0x1000a328                        PROVIDE (__preinit_array_start = .)
 *(SORT_BY_NAME(.preinit_array.*))
 .preinit_array.00100
                0x1000a328        0x4 CMakeFiles/hgttg_guide.dir/Users/paulwyman/pico/pico-sdk/src/rp2_common/pico_runtime_init/runtime_init.c.o
                0x1000a328                __pre_init_runtime_init_early_resets
 .preinit_array.00101
                0x1000a32c        0x4 CMakeFiles/hgttg_guide.dir/Users/paulwyman/pico/pico-sdk/src/rp2_common/pico_runtime_init/runtime_init.c.o
                0x1000a32c                __pre_init_runtime_init_usb_power_down
 .preinit_array.00275
                0x1000a330        0x4 CMakeFiles/hgttg_guide.dir/Users/paulwyman/pico/pico-sdk/src/rp2_common/pico_bit_ops/bit_ops_aeabi.S.o
 .preinit_array.00300
                0x1000a334        0x4 CMakeFiles/hgttg_guide.dir/Users/paulwyman/pico/pico-sdk/src/rp2_common/pico_mem_ops/mem_ops_aeabi.S.o
 .preinit_array.00350
                0x1000a338        0x4 CMakeFiles/hgttg_guide.dir/Users/paulwyman/pico/pico-sdk/src/rp2_common/pico_double/double_aeabi_rp2040.S.o
 .preinit_array.00350
                0x1000a33c        0x4 CMakeFiles/hgttg_guide.dir/Users/paulwyman/pico/pico-sdk/src/rp2_common/pico_float/float_aeabi_rp2040.S.o
 .preinit_array.00500
                0x1000a340        0x4 CMakeFiles/hgttg_guide.dir/Users/paulwyman/pico/pico-sdk/src/rp2_common/pico_runtime_init/runtime_init.c.o
                0x1000a340                __pre_init_runtime_init_clocks
 .preinit_array.00600
                0x1000a344        0x4 CMakeFiles/hgttg_guide.dir/Users/paulwyman/pico/pico-sdk/src/rp2_common/pico_runtime_init/runtime_init.c.o
                0x1000a344                __pre_init_runtime_init_post_clock_resets
 .preinit_array.00700
                0x1000a348        0x4 CMakeFiles/hgttg_guide.dir/Users/paulwyman/pico/pico-sdk/src/rp2_common/pico_runtime_init/runtime_init.c.o
                0x1000a348                __pre_init_runtime_init_rp2040_gpio_ie_disable
 .preinit_array.01000
                0x1000a34c        0x4 CMakeFiles/hgttg_guide.dir/Users/paulwyman/pico/pico-sdk/src/rp2_common/pico_runtime_init/runtime_init.c.o
                0x1000a34c                __pre_init_runtime_init_spin_locks_reset
 .preinit_array.01100
                0x1000a350        0x4 CMakeFiles/hgttg_guide.dir/Users/paulwyman/pico/pico-sdk/src/common/pico_sync/mutex.c.o
                0x1000a350                __pre_init_runtime_init_mutex
 .preinit_array.10080
                0x1000a354        0x4 CMakeFiles/hgttg_guide.dir/Users/paulwyman/pico/pico-sdk/src/rp2_common/pico_runtime_init/runtime_init.c.o
                0x1000a354                __pre_init_runtime_init_install_ram_vector_table
 .preinit_array.11000
                0x1000a358        0x4 CMakeFiles/hgttg_guide.dir/Users/paulwyman/pico/pico-sdk/src/common/pico_time/time.c.o
                0x1000a358                __pre_init_runtime_init_default_alarm_pool
 .preinit_array.YYYYY
                0x1000a35c        0x4 CMakeFiles/hgttg_guide.dir/Users/paulwyman/pico/pico-sdk/src/rp2_common/pico_runtime/runtime.c.o
                0x1000a35c                __pre_init_first_per_core_initializer
 .preinit_array.ZZZZZ.01200
                0x1000a360        0x4 CMakeFiles/hgttg_guide.dir/Users/paulwyman/pico/pico-sdk/src/rp2_common/hardware_irq/irq.c.o
                0x1000a360                __pre_init_runtime_init_per_core_irq_priorities
 *(.preinit_array)
                0x1000a364                        PROVIDE (__preinit_array_end = .)
                0x1000a364                        . = ALIGN (0x4)
                0x1000a364                        PROVIDE (__init_array_start = .)
 *(SORT_BY_NAME(.init_array.*))
 *(.init_array)
 .init_array    0x1000a364        0x4 /Applications/ArmGNUToolchain/14.3.rel1/arm-none-eabi/bin/../lib/gcc/arm-none-eabi/14.3.1/thumb/v6-m/nofp/crtbegin.o
                0x1000a368                        PROVIDE (__init_array_end = .)
                0x1000a368                        . = ALIGN (0x4)
                [!provide]                        PROVIDE (__fini_array_start = .)
 *(SORT_BY_NAME(.fini_array.*))
 *(.fini_array)
                [!provide]                        PROVIDE (__fini_array_end = .)
 *(.eh_frame*)
 .eh_frame      0x1000a368        0x0 /Applications/ArmGNUToolchain/14.3.rel1/arm-none-eabi/bin/../lib/gcc/arm-none-eabi/14.3.1/thumb/v6-m/nofp/crtbegin.o
                0x1000a368                        . = ALIGN (0x4)

.glue_7         0x1000a368        0x0
 .glue_7        0x1000a368        0x0 linker stubs

.glue_7t        0x1000a368        0x0
 .glue_7t       0x1000a368        0x0 linker stubs

.vfp11_veneer   0x1000a368        0x0
 .vfp11_veneer  0x1000a368        0x0 linker stubs

.v4_bx          0x1000a368        0x0
 .v4_bx         0x1000a368        0x0 linker stubs

.iplt           0x1000a368        0x0
 .iplt          0x1000a368        0x0 /Applications/ArmGNUToolchain/14.3.rel1/arm-none-eabi/bin/../lib/gcc/arm-none-eabi/14.3.1/thumb/v6-m/nofp/crtbegin.o

.rodata         0x1000a368    0x34d14
 *(EXCLUDE_FILE(*libm.a: *libc.a:*lib_a-mem*.o *libgcc.a:) .rodata*)
 .rodata.draw_boot_screen.str1.4
                0x1000a368     0x21a1 CMakeFiles/hgttg_guide.dir/main_bootloader.c.o
                                 0x22 (size before relaxing)
 .rodata.draw_menu.str1.4
                0x1000c509       0x8a CMakeFiles/hgttg_guide.dir/main_bootloader.c.o
 .rodata.draw_browse.str1.4
                0x1000c509       0x48 CMakeFiles/hgttg_guide.dir/main_bootloader.c.o
 .rodata.draw_article.str1.4
                0x1000c509       0xc8 CMakeFiles/hgttg_guide.dir/main_bootloader.c.o
 .rodata.draw_search.str1.4
                0x1000c509       0x54 CMakeFiles/hgttg_guide.dir/main_bootloader.c.o
 .rodata.handle_input.str1.4
                0x1000c509       0x3d CMakeFiles/hgttg_guide.dir/main_bootloader.c.o
 .rodata.str1.4
                0x1000c509     0x1b8e CMakeFiles/hgttg_guide.dir/main_bootloader.c.o
 *fill*         0x1000c509        0x3 
 .rodata.articles
                0x1000c50c       0xf0 CMakeFiles/hgttg_guide.dir/main_bootloader.c.o
                0x1000c50c                articles
 .rodata.font5x7
                0x1000c5fc      0x1e0 CMakeFiles/hgttg_guide.dir/main_bootloader.c.o
                0x1000c5fc                font5x7
 .rodata.draw_large_text.constprop.3.str1.4
                0x1000c7dc        0x3 CMakeFiles/hgttg_guide.dir/enhanced_display.c.o
 .rodata.draw_babel_fish_diagram.str1.4
                0x1000c7dc       0x2b CMakeFiles/hgttg_guide.dir/enhanced_display.c.o
 .rodata.draw_earth_diagram.str1.4
                0x1000c7dc       0x39 CMakeFiles/hgttg_guide.dir/enhanced_display.c.o
 .rodata.draw_towel_diagram.str1.4
                0x1000c7dc       0x42 CMakeFiles/hgttg_guide.dir/enhanced_display.c.o
 .rodata.draw_vogon_diagram.str1.4
                0x1000c7dc       0x54 CMakeFiles/hgttg_guide.dir/enhanced_display.c.o
 .rodata.draw_heart_of_gold_diagram.str1.4
                0x1000c7dc       0x5c CMakeFiles/hgttg_guide.dir/enhanced_display.c.o
 .rodata.draw_zaphod_diagram.str1.4
                0x1000c7dc       0x28 CMakeFiles/hgttg_guide.dir/enhanced_display.c.o
 .rodata.draw_marvin_diagram.str1.4
                0x1000c7dc       0x75 CMakeFiles/hgttg_guide.dir/enhanced_display.c.o
 .rodata.draw_42_diagram.str1.4
                0x1000c7dc       0x58 CMakeFiles/hgttg_guide.dir/enhanced_display.c.o
 .rodata.draw_dont_panic_diagram.str1.4
                0x1000c7dc       0x64 CMakeFiles/hgttg_guide.dir/enhanced_display.c.o
 .rodata.draw_pan_galactic_diagram.str1.4
                0x1000c7dc       0x6a CMakeFiles/hgttg_guide.dir/enhanced_display.c.o
 .rodata.draw_menu_item.str1.4
                0x1000c7dc        0x4 CMakeFiles/hgttg_guide.dir/enhanced_display.c.o
 .rodata.draw_loading_animation.str1.4
                0x1000c7dc        0x5 CMakeFiles/hgttg_guide.dir/enhanced_display.c.o
 .rodata.dont_panic_size
                0x1000c7dc        0x4 CMakeFiles/hgttg_guide.dir/dont_panic_data.c.o
                0x1000c7dc                dont_panic_size
 .rodata.dont_panic_compressed
                0x1000c7e0    0x32658 CMakeFiles/hgttg_guide.dir/dont_panic_data.c.o
                0x1000c7e0                dont_panic_compressed
 .rodata.panic.str1.4
                0x1003ee38       0x12 CMakeFiles/hgttg_guide.dir/Users/paulwyman/pico/pico-sdk/src/rp2_common/pico_platform_panic/panic.c.o
 .rodata.timer_hardware_alarm_claim.str1.4
                0x1003ee38       0x22 CMakeFiles/hgttg_guide.dir/Users/paulwyman/pico/pico-sdk/src/rp2_common/hardware_timer/timer.c.o
 .rodata.hard_assertion_failure.str1.4
                0x1003ee38        0xc CMakeFiles/hgttg_guide.dir/Users/paulwyman/pico/pico-sdk/src/rp2_common/pico_runtime/runtime.c.o
 .rodata.str1.4
                0x1003ee38       0x40 CMakeFiles/hgttg_guide.dir/Users/paulwyman/pico/pico-sdk/src/rp2_common/pico_standard_binary_info/standard_binary_info.c.o
 .rodata.__bi_84
                0x1003ee38        0xc CMakeFiles/hgttg_guide.dir/Users/paulwyman/pico/pico-sdk/src/rp2_common/pico_standard_binary_info/standard_binary_info.c.o
 .rodata.__bi_78
                0x1003ee44        0xc CMakeFiles/hgttg_guide.dir/Users/paulwyman/pico/pico-sdk/src/rp2_common/pico_standard_binary_info/standard_binary_info.c.o
 .rodata.__bi_54
                0x1003ee50        0xc CMakeFiles/hgttg_guide.dir/Users/paulwyman/pico/pico-sdk/src/rp2_common/pico_standard_binary_info/standard_binary_info.c.o
 .rodata.__bi_48
                0x1003ee5c        0xc CMakeFiles/hgttg_guide.dir/Users/paulwyman/pico/pico-sdk/src/rp2_common/pico_standard_binary_info/standard_binary_info.c.o
 .rodata.__bi_42
                0x1003ee68        0xc CMakeFiles/hgttg_guide.dir/Users/paulwyman/pico/pico-sdk/src/rp2_common/pico_standard_binary_info/standard_binary_info.c.o
 .rodata.__bi_34
                0x1003ee74        0xc CMakeFiles/hgttg_guide.dir/Users/paulwyman/pico/pico-sdk/src/rp2_common/pico_standard_binary_info/standard_binary_info.c.o
 .rodata.__bi_26
                0x1003ee80        0xc CMakeFiles/hgttg_guide.dir/Users/paulwyman/pico/pico-sdk/src/rp2_common/pico_standard_binary_info/standard_binary_info.c.o
 .rodata._ftoa.str1.4
                0x1003ee8c       0x15 CMakeFiles/hgttg_guide.dir/Users/paulwyman/pico/pico-sdk/src/rp2_common/pico_printf/printf.c.o
 .rodata._vsnprintf
                0x1003ee8c      0x19c CMakeFiles/hgttg_guide.dir/Users/paulwyman/pico/pico-sdk/src/rp2_common/pico_printf/printf.c.o
 .rodata.pow10.0
                0x1003f028       0x50 CMakeFiles/hgttg_guide.dir/Users/paulwyman/pico/pico-sdk/src/rp2_common/pico_printf/printf.c.o
 .rodata.crlf_str.0
                0x1003f078        0x2 CMakeFiles/hgttg_guide.dir/Users/paulwyman/pico/pico-sdk/src/rp2_common/pico_stdio/stdio.c.o
                0x1003f07c                        . = ALIGN (0x4)
 *fill*         0x1003f07a        0x2 
 *(SORT_BY_ALIGNMENT(SORT_BY_NAME(.flashdata*)))
                0x1003f07c                        . = ALIGN (0x4)

.ARM.extab
 *(.ARM.extab* .gnu.linkonce.armextab.*)
                0x1003f07c                        __exidx_start = .

.ARM.exidx
 *(.ARM.exidx* .gnu.linkonce.armexidx.*)
                0x1003f07c                        __exidx_end = .
                0x1003f07c                        . = ALIGN (0x4)
                0x1003f07c                        __binary_info_start = .

.binary_info    0x1003f07c       0x1c
 *(.binary_info.keep.*)
 .binary_info.keep.__bi_ptr84
                0x1003f07c        0x4 CMakeFiles/hgttg_guide.dir/Users/paulwyman/pico/pico-sdk/src/rp2_common/pico_standard_binary_info/standard_binary_info.c.o
 .binary_info.keep.__bi_ptr78
                0x1003f080        0x4 CMakeFiles/hgttg_guide.dir/Users/paulwyman/pico/pico-sdk/src/rp2_common/pico_standard_binary_info/standard_binary_info.c.o
 .binary_info.keep.__bi_ptr54
                0x1003f084        0x4 CMakeFiles/hgttg_guide.dir/Users/paulwyman/pico/pico-sdk/src/rp2_common/pico_standard_binary_info/standard_binary_info.c.o
 .binary_info.keep.__bi_ptr48
                0x1003f088        0x4 CMakeFiles/hgttg_guide.dir/Users/paulwyman/pico/pico-sdk/src/rp2_common/pico_standard_binary_info/standard_binary_info.c.o
 .binary_info.keep.__bi_ptr42
                0x1003f08c        0x4 CMakeFiles/hgttg_guide.dir/Users/paulwyman/pico/pico-sdk/src/rp2_common/pico_standard_binary_info/standard_binary_info.c.o
 .binary_info.keep.__bi_ptr34
                0x1003f090        0x4 CMakeFiles/hgttg_guide.dir/Users/paulwyman/pico/pico-sdk/src/rp2_common/pico_standard_binary_info/standard_binary_info.c.o
 .binary_info.keep.__bi_ptr26
                0x1003f094        0x4 CMakeFiles/hgttg_guide.dir/Users/paulwyman/pico/pico-sdk/src/rp2_common/pico_standard_binary_info/standard_binary_info.c.o
 *(.binary_info.*)
                0x1003f098                        __binary_info_end = .
                0x1003f098                        . = ALIGN (0x4)

.ram_vector_table
                0x20000000       0xc0
 *(.ram_vector_table)
 .ram_vector_table
                0x20000000       0xc0 CMakeFiles/hgttg_guide.dir/Users/paulwyman/pico/pico-sdk/src/rp2_common/pico_runtime_init/runtime_init.c.o
                0x20000000                ram_vector_table

.uninitialized_data
                0x200000c0        0x0
                0x200000c0                        . = ALIGN (0x4)
 *(.uninitialized_data*)

.data           0x200000c0      0x380 load address 0x1003f098
                0x200000c0                        __data_start__ = .
 *(vtable)
 *(.time_critical*)
 .time_critical.mutex_try_enter_block_until
                0x200000c0       0x98 CMakeFiles/hgttg_guide.dir/Users/paulwyman/pico/pico-sdk/src/common/pico_sync/mutex.c.o
                0x200000c0                mutex_try_enter_block_until
 .time_critical.mutex_exit
                0x20000158       0x28 CMakeFiles/hgttg_guide.dir/Users/paulwyman/pico/pico-sdk/src/common/pico_sync/mutex.c.o
                0x20000158                mutex_exit
 .time_critical.spi_write_blocking
                0x20000180       0x4c CMakeFiles/hgttg_guide.dir/Users/paulwyman/pico/pico-sdk/src/rp2_common/hardware_spi/spi.c.o
                0x20000180                spi_write_blocking
 *(.text*)
 .text          0x200001cc        0x4 /Applications/ArmGNUToolchain/14.3.rel1/arm-none-eabi/bin/../lib/gcc/arm-none-eabi/14.3.1/thumb/v6-m/nofp/libgcc.a(_dvmd_tls.o)
                0x200001cc                __aeabi_ldiv0
                0x200001cc                __aeabi_idiv0
 .text.__stub   0x200001d0       0x10 linker stubs
                0x200001e0                        . = ALIGN (0x4)
 *(.rodata*)
                0x200001e0                        . = ALIGN (0x4)
 *(.data*)
 .data.striped_spin_lock_num
                0x200001e0        0x1 CMakeFiles/hgttg_guide.dir/Users/paulwyman/pico/pico-sdk/src/rp2_common/hardware_sync/sync.c.o
 *fill*         0x200001e1        0x3 
 .data.default_alarm_pool
                0x200001e4       0x18 CMakeFiles/hgttg_guide.dir/Users/paulwyman/pico/pico-sdk/src/common/pico_time/time.c.o
 *fill*         0x200001fc        0x4 
 .data.aeabi_bits_funcs
                0x20000200       0x10 CMakeFiles/hgttg_guide.dir/Users/paulwyman/pico/pico-sdk/src/rp2_common/pico_bit_ops/bit_ops_aeabi.S.o
                0x20000200                aeabi_bits_funcs
                0x20000210                aeabi_bits_funcs_end
 .data.aeabi_mem_funcs
                0x20000210       0x10 CMakeFiles/hgttg_guide.dir/Users/paulwyman/pico/pico-sdk/src/rp2_common/pico_mem_ops/mem_ops_aeabi.S.o
                0x20000210                aeabi_mem_funcs
                0x20000220                aeabi_mem_funcs_end
 .data.i2c1_inst
                0x20000220        0x8 CMakeFiles/hgttg_guide.dir/Users/paulwyman/pico/pico-sdk/src/rp2_common/hardware_i2c/i2c.c.o
                0x20000220                i2c1_inst
 .data.i2c0_inst
                0x20000228        0x8 CMakeFiles/hgttg_guide.dir/Users/paulwyman/pico/pico-sdk/src/rp2_common/hardware_i2c/i2c.c.o
                0x20000228                i2c0_inst
 .data._impure_ptr
                0x20000230        0x4 /Applications/ArmGNUToolchain/14.3.rel1/arm-none-eabi/bin/../lib/gcc/arm-none-eabi/14.3.1/../../../../arm-none-eabi/lib/thumb/v6-m/nofp/libg.a(libc_a-impure.o)
                0x20000230                _impure_ptr
 *fill*         0x20000234        0x4 
 .data._impure_data
                0x20000238      0x200 /Applications/ArmGNUToolchain/14.3.rel1/arm-none-eabi/bin/../lib/gcc/arm-none-eabi/14.3.1/../../../../arm-none-eabi/lib/thumb/v6-m/nofp/libg.a(libc_a-impure.o)
                0x20000238                _impure_data
                0x20000438                        . = ALIGN (0x4)
 *(.after_data.*)
                0x20000438                        . = ALIGN (0x4)
                0x20000438                        PROVIDE (__mutex_array_start = .)
 *(SORT_BY_NAME(.mutex_array.*))
 *(.mutex_array)
 .mutex_array   0x20000438        0x8 CMakeFiles/hgttg_guide.dir/Users/paulwyman/pico/pico-sdk/src/rp2_common/pico_stdio/stdio.c.o
                0x20000440                        PROVIDE (__mutex_array_end = .)
                0x20000440                        . = ALIGN (0x4)
 *(.jcr)
                0x20000440                        . = ALIGN (0x4)

.tm_clone_table
                0x20000440        0x0 load address 0x1003f418
 .tm_clone_table
                0x20000440        0x0 /Applications/ArmGNUToolchain/14.3.rel1/arm-none-eabi/bin/../lib/gcc/arm-none-eabi/14.3.1/thumb/v6-m/nofp/crtbegin.o
 .tm_clone_table
                0x20000440        0x0 /Applications/ArmGNUToolchain/14.3.rel1/arm-none-eabi/bin/../lib/gcc/arm-none-eabi/14.3.1/thumb/v6-m/nofp/crtend.o

.igot.plt       0x20000440        0x0 load address 0x1003f418
 .igot.plt      0x20000440        0x0 /Applications/ArmGNUToolchain/14.3.rel1/arm-none-eabi/bin/../lib/gcc/arm-none-eabi/14.3.1/thumb/v6-m/nofp/crtbegin.o

.tdata          0x20000440        0x0 load address 0x1003f418
                0x20000440                        . = ALIGN (0x4)
 *(.tdata .tdata.* .gnu.linkonce.td.*)
                0x20000440                        __tdata_end = .
                0x20000440                        PROVIDE (__data_end__ = .)
                0x1003f098                        __etext = LOADADDR (.data)

.tbss           0x20000440        0x0 load address 0x1003f418
                0x20000440                        . = ALIGN (0x4)
                0x20000440                        __bss_start__ = .
                0x20000440                        __tls_base = .
 *(.tbss .tbss.* .gnu.linkonce.tb.*)
 *(.tcommon)
                0x20000440                        __tls_end = .

.bss            0x20000440      0x5ac load address 0x1003f418
                0x20000440                        . = ALIGN (0x4)
                0x20000440                        __tbss_end = .
 *(SORT_BY_ALIGNMENT(SORT_BY_NAME(.bss*)))
 .bss.default_alarm_pool_entries
                0x20000440      0x180 CMakeFiles/hgttg_guide.dir/Users/paulwyman/pico/pico-sdk/src/common/pico_time/time.c.o
 .bss.sd_table  0x200005c0      0x100 CMakeFiles/hgttg_guide.dir/Users/paulwyman/pico/pico-sdk/src/rp2_common/pico_double/double_init_rom_rp2040.c.o
                0x200005c0                sd_table
 .bss.sf_table  0x200006c0      0x100 CMakeFiles/hgttg_guide.dir/Users/paulwyman/pico/pico-sdk/src/rp2_common/pico_float/float_init_rom_rp2040.c.o
                0x200006c0                sf_table
 .bss.__sf      0x200007c0      0x138 /Applications/ArmGNUToolchain/14.3.rel1/arm-none-eabi/bin/../lib/gcc/arm-none-eabi/14.3.1/../../../../arm-none-eabi/lib/thumb/v6-m/nofp/libg.a(libc_a-findfp.o)
                0x200007c0                __sf
 .bss.claimed   0x200008f8        0x1 CMakeFiles/hgttg_guide.dir/Users/paulwyman/pico/pico-sdk/src/rp2_common/hardware_timer/timer.c.o
 *fill*         0x200008f9        0x3 
 .bss.configured_freq
                0x200008fc       0x28 CMakeFiles/hgttg_guide.dir/Users/paulwyman/pico/pico-sdk/src/rp2_common/hardware_clocks/clocks.c.o
 .bss.current_screen
                0x20000924        0x4 CMakeFiles/hgttg_guide.dir/main_bootloader.c.o
                0x20000924                current_screen
 .bss.drivers   0x20000928        0x4 CMakeFiles/hgttg_guide.dir/Users/paulwyman/pico/pico-sdk/src/rp2_common/pico_stdio/stdio.c.o
 .bss.filter    0x2000092c        0x4 CMakeFiles/hgttg_guide.dir/Users/paulwyman/pico/pico-sdk/src/rp2_common/pico_stdio/stdio.c.o
 .bss.lazy_vsnprintf
                0x20000930        0x4 CMakeFiles/hgttg_guide.dir/Users/paulwyman/pico/pico-sdk/src/rp2_common/pico_printf/printf.c.o
 .bss.num_search_results
                0x20000934        0x4 CMakeFiles/hgttg_guide.dir/main_bootloader.c.o
                0x20000934                num_search_results
 .bss.object.0  0x20000938       0x18 /Applications/ArmGNUToolchain/14.3.rel1/arm-none-eabi/bin/../lib/gcc/arm-none-eabi/14.3.1/thumb/v6-m/nofp/crtbegin.o
 .bss.pools     0x20000950       0x10 CMakeFiles/hgttg_guide.dir/Users/paulwyman/pico/pico-sdk/src/common/pico_time/time.c.o
 .bss.scroll_offset
                0x20000960        0x4 CMakeFiles/hgttg_guide.dir/main_bootloader.c.o
                0x20000960                scroll_offset
 .bss.search_query
                0x20000964       0x20 CMakeFiles/hgttg_guide.dir/main_bootloader.c.o
                0x20000964                search_query
 .bss.search_query_len
                0x20000984        0x4 CMakeFiles/hgttg_guide.dir/main_bootloader.c.o
                0x20000984                search_query_len
 .bss.search_results
                0x20000988       0x50 CMakeFiles/hgttg_guide.dir/main_bootloader.c.o
                0x20000988                search_results
 .bss.selected_article
                0x200009d8        0x4 CMakeFiles/hgttg_guide.dir/main_bootloader.c.o
                0x200009d8                selected_article
 .bss.selected_search_result
                0x200009dc        0x4 CMakeFiles/hgttg_guide.dir/main_bootloader.c.o
                0x200009dc                selected_search_result
 .bss.sf_clz_func
                0x200009e0        0x4 CMakeFiles/hgttg_guide.dir/Users/paulwyman/pico/pico-sdk/src/rp2_common/pico_double/double_init_rom_rp2040.c.o
                0x200009e0                sf_clz_func
 .bss.sleep_notifier
                0x200009e4        0x4 CMakeFiles/hgttg_guide.dir/Users/paulwyman/pico/pico-sdk/src/common/pico_time/time.c.o
 .bss.last_key  0x200009e8        0x1 CMakeFiles/hgttg_guide.dir/main_bootloader.c.o
                0x200009e8                last_key
 *(COMMON)
                0x200009ec                        . = ALIGN (0x4)
 *fill*         0x200009e9        0x3 
                0x200009ec                        __bss_end__ = .

.heap           0x200009ec      0x800 load address 0x1003f418
                0x200009ec                        __end__ = .
                0x200009ec                        end = __end__
 *(.heap*)
 .heap          0x200009ec      0x800 CMakeFiles/hgttg_guide.dir/Users/paulwyman/pico/pico-sdk/src/rp2_common/pico_crt0/crt0.S.o
                0x20040000                        __HeapLimit = (ORIGIN (RAM) + LENGTH (RAM))

.scratch_x      0x20040000        0x0 load address 0x1003f418
                0x20040000                        __scratch_x_start__ = .
 *(.scratch_x.*)
                0x20040000                        . = ALIGN (0x4)
                0x20040000                        __scratch_x_end__ = .
                0x1003f418                        __scratch_x_source__ = LOADADDR (.scratch_x)

.scratch_y      0x20041000        0x0 load address 0x1003f418
                0x20041000                        __scratch_y_start__ = .
 *(.scratch_y.*)
                0x20041000                        . = ALIGN (0x4)
                0x20041000                        __scratch_y_end__ = .
                0x1003f418                        __scratch_y_source__ = LOADADDR (.scratch_y)

.stack1_dummy
 *(.stack1*)

.stack_dummy    0x20041000      0x800
 *(.stack*)
 .stack         0x20041000      0x800 CMakeFiles/hgttg_guide.dir/Users/paulwyman/pico/pico-sdk/src/rp2_common/pico_crt0/crt0.S.o

.rel.dyn        0x20041800        0x0
 .rel.iplt      0x20041800        0x0 /Applications/ArmGNUToolchain/14.3.rel1/arm-none-eabi/bin/../lib/gcc/arm-none-eabi/14.3.1/thumb/v6-m/nofp/crtbegin.o

.flash_end      0x1003f418        0x0
 *(.embedded_end_block*)
                0x1003f418                        PROVIDE (__flash_binary_end = .)
                0x20040000                        __StackLimit = (ORIGIN (RAM) + LENGTH (RAM))
                0x20041000                        __StackOneTop = (ORIGIN (SCRATCH_X) + LENGTH (SCRATCH_X))
                0x20042000                        __StackTop = (ORIGIN (SCRATCH_Y) + LENGTH (SCRATCH_Y))
                0x20041000                        __StackOneBottom = (__StackOneTop - SIZEOF (.stack1_dummy))
                0x20041800                        __StackBottom = (__StackTop - SIZEOF (.stack_dummy))
                0x20042000                        PROVIDE (__stack = __StackTop)
                [!provide]                        PROVIDE (__heap_start = __end__)
                [!provide]                        PROVIDE (__heap_end = __HeapLimit)
                [!provide]                        PROVIDE (__tls_align = MAX (ALIGNOF (.tdata), ALIGNOF (.tbss)))
                [!provide]                        PROVIDE (__tls_size_align = (((__tls_size + __tls_align) - 0x1) & ~ ((__tls_align - 0x1))))
                [!provide]                        PROVIDE (__arm32_tls_tcb_offset = MAX (0x8, __tls_align))
                [!provide]                        PROVIDE (_end = __end__)
                [!provide]                        PROVIDE (__llvm_libc_heap_limit = __HeapLimit)
                0x00000001                        ASSERT ((__StackLimit >= __HeapLimit), region RAM overflowed)
                0x00000001                        ASSERT (((__binary_info_header_end - __logical_binary_start) <= 0x100), Binary info must be in first 256 bytes of the binary)
LOAD CMakeFiles/hgttg_guide.dir/main_bootloader.c.o
LOAD CMakeFiles/hgttg_guide.dir/enhanced_display.c.o
LOAD CMakeFiles/hgttg_guide.dir/dont_panic_image.c.o
LOAD CMakeFiles/hgttg_guide.dir/dont_panic_data.c.o
LOAD CMakeFiles/hgttg_guide.dir/Users/paulwyman/pico/pico-sdk/src/rp2_common/pico_stdlib/stdlib.c.o
LOAD CMakeFiles/hgttg_guide.dir/Users/paulwyman/pico/pico-sdk/src/rp2_common/hardware_gpio/gpio.c.o
LOAD CMakeFiles/hgttg_guide.dir/Users/paulwyman/pico/pico-sdk/src/rp2040/pico_platform/platform.c.o
LOAD CMakeFiles/hgttg_guide.dir/Users/paulwyman/pico/pico-sdk/src/rp2_common/pico_platform_common/common.c.o
LOAD CMakeFiles/hgttg_guide.dir/Users/paulwyman/pico/pico-sdk/src/rp2_common/pico_platform_panic/panic.c.o
LOAD CMakeFiles/hgttg_guide.dir/Users/paulwyman/pico/pico-sdk/src/common/hardware_claim/claim.c.o
LOAD CMakeFiles/hgttg_guide.dir/Users/paulwyman/pico/pico-sdk/src/rp2_common/hardware_sync/sync.c.o
LOAD CMakeFiles/hgttg_guide.dir/Users/paulwyman/pico/pico-sdk/src/rp2_common/hardware_sync_spin_lock/sync_spin_lock.c.o
LOAD CMakeFiles/hgttg_guide.dir/Users/paulwyman/pico/pico-sdk/src/rp2_common/hardware_irq/irq.c.o
LOAD CMakeFiles/hgttg_guide.dir/Users/paulwyman/pico/pico-sdk/src/rp2_common/hardware_irq/irq_handler_chain.S.o
LOAD CMakeFiles/hgttg_guide.dir/Users/paulwyman/pico/pico-sdk/src/common/pico_sync/sem.c.o
LOAD CMakeFiles/hgttg_guide.dir/Users/paulwyman/pico/pico-sdk/src/common/pico_sync/lock_core.c.o
LOAD CMakeFiles/hgttg_guide.dir/Users/paulwyman/pico/pico-sdk/src/common/pico_sync/mutex.c.o
LOAD CMakeFiles/hgttg_guide.dir/Users/paulwyman/pico/pico-sdk/src/common/pico_sync/critical_section.c.o
LOAD CMakeFiles/hgttg_guide.dir/Users/paulwyman/pico/pico-sdk/src/common/pico_time/time.c.o
LOAD CMakeFiles/hgttg_guide.dir/Users/paulwyman/pico/pico-sdk/src/common/pico_time/timeout_helper.c.o
LOAD CMakeFiles/hgttg_guide.dir/Users/paulwyman/pico/pico-sdk/src/rp2_common/hardware_timer/timer.c.o
LOAD CMakeFiles/hgttg_guide.dir/Users/paulwyman/pico/pico-sdk/src/common/pico_util/datetime.c.o
LOAD CMakeFiles/hgttg_guide.dir/Users/paulwyman/pico/pico-sdk/src/common/pico_util/pheap.c.o
LOAD CMakeFiles/hgttg_guide.dir/Users/paulwyman/pico/pico-sdk/src/common/pico_util/queue.c.o
LOAD CMakeFiles/hgttg_guide.dir/Users/paulwyman/pico/pico-sdk/src/rp2_common/hardware_uart/uart.c.o
LOAD CMakeFiles/hgttg_guide.dir/Users/paulwyman/pico/pico-sdk/src/rp2_common/hardware_clocks/clocks.c.o
LOAD CMakeFiles/hgttg_guide.dir/Users/paulwyman/pico/pico-sdk/src/rp2_common/hardware_pll/pll.c.o
LOAD CMakeFiles/hgttg_guide.dir/Users/paulwyman/pico/pico-sdk/src/rp2_common/hardware_vreg/vreg.c.o
LOAD CMakeFiles/hgttg_guide.dir/Users/paulwyman/pico/pico-sdk/src/rp2_common/hardware_watchdog/watchdog.c.o
LOAD CMakeFiles/hgttg_guide.dir/Users/paulwyman/pico/pico-sdk/src/rp2_common/hardware_ticks/ticks.c.o
LOAD CMakeFiles/hgttg_guide.dir/Users/paulwyman/pico/pico-sdk/src/rp2_common/pico_bootrom/bootrom.c.o
LOAD CMakeFiles/hgttg_guide.dir/Users/paulwyman/pico/pico-sdk/src/rp2_common/pico_bootrom/bootrom_lock.c.o
LOAD CMakeFiles/hgttg_guide.dir/Users/paulwyman/pico/pico-sdk/src/rp2_common/hardware_boot_lock/boot_lock.c.o
LOAD CMakeFiles/hgttg_guide.dir/Users/paulwyman/pico/pico-sdk/src/rp2_common/pico_flash/flash.c.o
LOAD CMakeFiles/hgttg_guide.dir/Users/paulwyman/pico/pico-sdk/src/rp2_common/hardware_xosc/xosc.c.o
LOAD CMakeFiles/hgttg_guide.dir/Users/paulwyman/pico/pico-sdk/src/rp2_common/hardware_divider/divider.S.o
LOAD CMakeFiles/hgttg_guide.dir/Users/paulwyman/pico/pico-sdk/src/rp2_common/pico_runtime/runtime.c.o
LOAD CMakeFiles/hgttg_guide.dir/Users/paulwyman/pico/pico-sdk/src/rp2_common/pico_runtime_init/runtime_init.c.o
LOAD CMakeFiles/hgttg_guide.dir/Users/paulwyman/pico/pico-sdk/src/rp2_common/pico_runtime_init/runtime_init_clocks.c.o
LOAD CMakeFiles/hgttg_guide.dir/Users/paulwyman/pico/pico-sdk/src/rp2_common/pico_runtime_init/runtime_init_stack_guard.c.o
LOAD CMakeFiles/hgttg_guide.dir/Users/paulwyman/pico/pico-sdk/src/rp2_common/pico_bit_ops/bit_ops_aeabi.S.o
LOAD CMakeFiles/hgttg_guide.dir/Users/paulwyman/pico/pico-sdk/src/rp2_common/pico_divider/divider_hardware.S.o
LOAD CMakeFiles/hgttg_guide.dir/Users/paulwyman/pico/pico-sdk/src/rp2_common/pico_double/double_aeabi_rp2040.S.o
LOAD CMakeFiles/hgttg_guide.dir/Users/paulwyman/pico/pico-sdk/src/rp2_common/pico_double/double_init_rom_rp2040.c.o
LOAD CMakeFiles/hgttg_guide.dir/Users/paulwyman/pico/pico-sdk/src/rp2_common/pico_double/double_math.c.o
LOAD CMakeFiles/hgttg_guide.dir/Users/paulwyman/pico/pico-sdk/src/rp2_common/pico_double/double_v1_rom_shim_rp2040.S.o
LOAD CMakeFiles/hgttg_guide.dir/Users/paulwyman/pico/pico-sdk/src/rp2_common/pico_int64_ops/pico_int64_ops_aeabi.S.o
LOAD CMakeFiles/hgttg_guide.dir/Users/paulwyman/pico/pico-sdk/src/rp2_common/pico_float/float_aeabi_rp2040.S.o
LOAD CMakeFiles/hgttg_guide.dir/Users/paulwyman/pico/pico-sdk/src/rp2_common/pico_float/float_init_rom_rp2040.c.o
LOAD CMakeFiles/hgttg_guide.dir/Users/paulwyman/pico/pico-sdk/src/rp2_common/pico_float/float_math.c.o
LOAD CMakeFiles/hgttg_guide.dir/Users/paulwyman/pico/pico-sdk/src/rp2_common/pico_float/float_v1_rom_shim_rp2040.S.o
LOAD CMakeFiles/hgttg_guide.dir/Users/paulwyman/pico/pico-sdk/src/rp2_common/pico_malloc/malloc.c.o
LOAD CMakeFiles/hgttg_guide.dir/Users/paulwyman/pico/pico-sdk/src/rp2_common/pico_mem_ops/mem_ops_aeabi.S.o
LOAD CMakeFiles/hgttg_guide.dir/Users/paulwyman/pico/pico-sdk/src/rp2_common/pico_atomic/atomic.c.o
LOAD CMakeFiles/hgttg_guide.dir/Users/paulwyman/pico/pico-sdk/src/rp2_common/pico_cxx_options/new_delete.cpp.o
LOAD CMakeFiles/hgttg_guide.dir/Users/paulwyman/pico/pico-sdk/src/rp2_common/pico_standard_binary_info/standard_binary_info.c.o
LOAD CMakeFiles/hgttg_guide.dir/Users/paulwyman/pico/pico-sdk/src/rp2_common/pico_printf/printf.c.o
LOAD CMakeFiles/hgttg_guide.dir/Users/paulwyman/pico/pico-sdk/src/rp2_common/pico_crt0/crt0.S.o
LOAD CMakeFiles/hgttg_guide.dir/Users/paulwyman/pico/pico-sdk/src/rp2_common/pico_clib_interface/newlib_interface.c.o
LOAD CMakeFiles/hgttg_guide.dir/Users/paulwyman/pico/pico-sdk/src/rp2_common/pico_stdio/stdio.c.o
LOAD CMakeFiles/hgttg_guide.dir/Users/paulwyman/pico/pico-sdk/src/rp2_common/pico_stdio_uart/stdio_uart.c.o
LOAD CMakeFiles/hgttg_guide.dir/Users/paulwyman/pico/pico-sdk/src/rp2_common/hardware_spi/spi.c.o
LOAD CMakeFiles/hgttg_guide.dir/Users/paulwyman/pico/pico-sdk/src/rp2_common/hardware_i2c/i2c.c.o
LOAD pico-sdk/src/rp2040/boot_stage2/CMakeFiles/bs2_default_library.dir/bs2_default_padded_checksummed.S.o
LOAD /Applications/ArmGNUToolchain/14.3.rel1/arm-none-eabi/bin/../lib/gcc/arm-none-eabi/14.3.1/../../../../arm-none-eabi/lib/thumb/v6-m/nofp/libstdc++.a
LOAD /Applications/ArmGNUToolchain/14.3.rel1/arm-none-eabi/bin/../lib/gcc/arm-none-eabi/14.3.1/../../../../arm-none-eabi/lib/thumb/v6-m/nofp/libm.a
START GROUP
LOAD /Applications/ArmGNUToolchain/14.3.rel1/arm-none-eabi/bin/../lib/gcc/arm-none-eabi/14.3.1/thumb/v6-m/nofp/libgcc.a
LOAD /Applications/ArmGNUToolchain/14.3.rel1/arm-none-eabi/bin/../lib/gcc/arm-none-eabi/14.3.1/../../../../arm-none-eabi/lib/thumb/v6-m/nofp/libg.a
LOAD /Applications/ArmGNUToolchain/14.3.rel1/arm-none-eabi/bin/../lib/gcc/arm-none-eabi/14.3.1/../../../../arm-none-eabi/lib/thumb/v6-m/nofp/libc.a
END GROUP
START GROUP
LOAD /Applications/ArmGNUToolchain/14.3.rel1/arm-none-eabi/bin/../lib/gcc/arm-none-eabi/14.3.1/thumb/v6-m/nofp/libgcc.a
LOAD /Applications/ArmGNUToolchain/14.3.rel1/arm-none-eabi/bin/../lib/gcc/arm-none-eabi/14.3.1/../../../../arm-none-eabi/lib/thumb/v6-m/nofp/libc.a
LOAD /Applications/ArmGNUToolchain/14.3.rel1/arm-none-eabi/bin/../lib/gcc/arm-none-eabi/14.3.1/../../../../arm-none-eabi/lib/thumb/v6-m/nofp/libnosys.a
END GROUP
LOAD /Applications/ArmGNUToolchain/14.3.rel1/arm-none-eabi/bin/../lib/gcc/arm-none-eabi/14.3.1/thumb/v6-m/nofp/crtend.o
LOAD /Applications/ArmGNUToolchain/14.3.rel1/arm-none-eabi/bin/../lib/gcc/arm-none-eabi/14.3.1/thumb/v6-m/nofp/crtn.o
OUTPUT(hgttg_guide.elf elf32-littlearm)
LOAD linker stubs

.ARM.attributes
                0x00000000       0x28
 .ARM.attributes
                0x00000000       0x1e /Applications/ArmGNUToolchain/14.3.rel1/arm-none-eabi/bin/../lib/gcc/arm-none-eabi/14.3.1/thumb/v6-m/nofp/crti.o
 .ARM.attributes
                0x0000001e       0x2c /Applications/ArmGNUToolchain/14.3.rel1/arm-none-eabi/bin/../lib/gcc/arm-none-eabi/14.3.1/thumb/v6-m/nofp/crtbegin.o
 .ARM.attributes
                0x0000004a       0x2c CMakeFiles/hgttg_guide.dir/main_bootloader.c.o
 .ARM.attributes
                0x00000076       0x2c CMakeFiles/hgttg_guide.dir/enhanced_display.c.o
 .ARM.attributes
                0x000000a2       0x2c CMakeFiles/hgttg_guide.dir/dont_panic_image.c.o
 .ARM.attributes
                0x000000ce       0x2c CMakeFiles/hgttg_guide.dir/dont_panic_data.c.o
 .ARM.attributes
                0x000000fa       0x2c CMakeFiles/hgttg_guide.dir/Users/paulwyman/pico/pico-sdk/src/rp2_common/hardware_gpio/gpio.c.o
 .ARM.attributes
                0x00000126       0x2c CMakeFiles/hgttg_guide.dir/Users/paulwyman/pico/pico-sdk/src/rp2_common/pico_platform_panic/panic.c.o
 .ARM.attributes
                0x00000152       0x2c CMakeFiles/hgttg_guide.dir/Users/paulwyman/pico/pico-sdk/src/common/hardware_claim/claim.c.o
 .ARM.attributes
                0x0000017e       0x2c CMakeFiles/hgttg_guide.dir/Users/paulwyman/pico/pico-sdk/src/rp2_common/hardware_sync/sync.c.o
 .ARM.attributes
                0x000001aa       0x2c CMakeFiles/hgttg_guide.dir/Users/paulwyman/pico/pico-sdk/src/rp2_common/hardware_sync_spin_lock/sync_spin_lock.c.o
 .ARM.attributes
                0x000001d6       0x2c CMakeFiles/hgttg_guide.dir/Users/paulwyman/pico/pico-sdk/src/rp2_common/hardware_irq/irq.c.o
 .ARM.attributes
                0x00000202       0x2c CMakeFiles/hgttg_guide.dir/Users/paulwyman/pico/pico-sdk/src/common/pico_sync/lock_core.c.o
 .ARM.attributes
                0x0000022e       0x2c CMakeFiles/hgttg_guide.dir/Users/paulwyman/pico/pico-sdk/src/common/pico_sync/mutex.c.o
 .ARM.attributes
                0x0000025a       0x2c CMakeFiles/hgttg_guide.dir/Users/paulwyman/pico/pico-sdk/src/common/pico_time/time.c.o
 .ARM.attributes
                0x00000286       0x2c CMakeFiles/hgttg_guide.dir/Users/paulwyman/pico/pico-sdk/src/common/pico_time/timeout_helper.c.o
 .ARM.attributes
                0x000002b2       0x2c CMakeFiles/hgttg_guide.dir/Users/paulwyman/pico/pico-sdk/src/rp2_common/hardware_timer/timer.c.o
 .ARM.attributes
                0x000002de       0x2c CMakeFiles/hgttg_guide.dir/Users/paulwyman/pico/pico-sdk/src/rp2_common/hardware_clocks/clocks.c.o
 .ARM.attributes
                0x0000030a       0x2c CMakeFiles/hgttg_guide.dir/Users/paulwyman/pico/pico-sdk/src/rp2_common/hardware_pll/pll.c.o
 .ARM.attributes
                0x00000336       0x2c CMakeFiles/hgttg_guide.dir/Users/paulwyman/pico/pico-sdk/src/rp2_common/hardware_ticks/ticks.c.o
 .ARM.attributes
                0x00000362       0x2c CMakeFiles/hgttg_guide.dir/Users/paulwyman/pico/pico-sdk/src/rp2_common/pico_bootrom/bootrom.c.o
 .ARM.attributes
                0x0000038e       0x2c CMakeFiles/hgttg_guide.dir/Users/paulwyman/pico/pico-sdk/src/rp2_common/hardware_xosc/xosc.c.o
 .ARM.attributes
                0x000003ba       0x2c CMakeFiles/hgttg_guide.dir/Users/paulwyman/pico/pico-sdk/src/rp2_common/pico_runtime/runtime.c.o
 .ARM.attributes
                0x000003e6       0x2c CMakeFiles/hgttg_guide.dir/Users/paulwyman/pico/pico-sdk/src/rp2_common/pico_runtime_init/runtime_init.c.o
 .ARM.attributes
                0x00000412       0x2c CMakeFiles/hgttg_guide.dir/Users/paulwyman/pico/pico-sdk/src/rp2_common/pico_runtime_init/runtime_init_clocks.c.o
 .ARM.attributes
                0x0000043e       0x22 CMakeFiles/hgttg_guide.dir/Users/paulwyman/pico/pico-sdk/src/rp2_common/pico_bit_ops/bit_ops_aeabi.S.o
 .ARM.attributes
                0x00000460       0x22 CMakeFiles/hgttg_guide.dir/Users/paulwyman/pico/pico-sdk/src/rp2_common/pico_divider/divider_hardware.S.o
 .ARM.attributes
                0x00000482       0x22 CMakeFiles/hgttg_guide.dir/Users/paulwyman/pico/pico-sdk/src/rp2_common/pico_double/double_aeabi_rp2040.S.o
 .ARM.attributes
                0x000004a4       0x2c CMakeFiles/hgttg_guide.dir/Users/paulwyman/pico/pico-sdk/src/rp2_common/pico_double/double_init_rom_rp2040.c.o
 .ARM.attributes
                0x000004d0       0x2c CMakeFiles/hgttg_guide.dir/Users/paulwyman/pico/pico-sdk/src/rp2_common/pico_double/double_math.c.o
 .ARM.attributes
                0x000004fc       0x22 CMakeFiles/hgttg_guide.dir/Users/paulwyman/pico/pico-sdk/src/rp2_common/pico_double/double_v1_rom_shim_rp2040.S.o
 .ARM.attributes
                0x0000051e       0x22 CMakeFiles/hgttg_guide.dir/Users/paulwyman/pico/pico-sdk/src/rp2_common/pico_int64_ops/pico_int64_ops_aeabi.S.o
 .ARM.attributes
                0x00000540       0x22 CMakeFiles/hgttg_guide.dir/Users/paulwyman/pico/pico-sdk/src/rp2_common/pico_float/float_aeabi_rp2040.S.o
 .ARM.attributes
                0x00000562       0x2c CMakeFiles/hgttg_guide.dir/Users/paulwyman/pico/pico-sdk/src/rp2_common/pico_float/float_init_rom_rp2040.c.o
 .ARM.attributes
                0x0000058e       0x22 CMakeFiles/hgttg_guide.dir/Users/paulwyman/pico/pico-sdk/src/rp2_common/pico_float/float_v1_rom_shim_rp2040.S.o
 .ARM.attributes
                0x000005b0       0x22 CMakeFiles/hgttg_guide.dir/Users/paulwyman/pico/pico-sdk/src/rp2_common/pico_mem_ops/mem_ops_aeabi.S.o
 .ARM.attributes
                0x000005d2       0x2c CMakeFiles/hgttg_guide.dir/Users/paulwyman/pico/pico-sdk/src/rp2_common/pico_standard_binary_info/standard_binary_info.c.o
 .ARM.attributes
                0x000005fe       0x2c CMakeFiles/hgttg_guide.dir/Users/paulwyman/pico/pico-sdk/src/rp2_common/pico_printf/printf.c.o
 .ARM.attributes
                0x0000062a       0x22 CMakeFiles/hgttg_guide.dir/Users/paulwyman/pico/pico-sdk/src/rp2_common/pico_crt0/crt0.S.o
 .ARM.attributes
                0x0000064c       0x2c CMakeFiles/hgttg_guide.dir/Users/paulwyman/pico/pico-sdk/src/rp2_common/pico_clib_interface/newlib_interface.c.o
 .ARM.attributes
                0x00000678       0x2c CMakeFiles/hgttg_guide.dir/Users/paulwyman/pico/pico-sdk/src/rp2_common/pico_stdio/stdio.c.o
 .ARM.attributes
                0x000006a4       0x2c CMakeFiles/hgttg_guide.dir/Users/paulwyman/pico/pico-sdk/src/rp2_common/hardware_spi/spi.c.o
 .ARM.attributes
                0x000006d0       0x2c CMakeFiles/hgttg_guide.dir/Users/paulwyman/pico/pico-sdk/src/rp2_common/hardware_i2c/i2c.c.o
 .ARM.attributes
                0x000006fc       0x22 pico-sdk/src/rp2040/boot_stage2/CMakeFiles/bs2_default_library.dir/bs2_default_padded_checksummed.S.o
 .ARM.attributes
                0x0000071e       0x1e /Applications/ArmGNUToolchain/14.3.rel1/arm-none-eabi/bin/../lib/gcc/arm-none-eabi/14.3.1/thumb/v6-m/nofp/libgcc.a(_dvmd_tls.o)
 .ARM.attributes
                0x0000073c       0x2c /Applications/ArmGNUToolchain/14.3.rel1/arm-none-eabi/bin/../lib/gcc/arm-none-eabi/14.3.1/../../../../arm-none-eabi/lib/thumb/v6-m/nofp/libg.a(libc_a-rand.o)
 .ARM.attributes
                0x00000768       0x2c /Applications/ArmGNUToolchain/14.3.rel1/arm-none-eabi/bin/../lib/gcc/arm-none-eabi/14.3.1/../../../../arm-none-eabi/lib/thumb/v6-m/nofp/libg.a(libc_a-impure.o)
 .ARM.attributes
                0x00000794       0x1b /Applications/ArmGNUToolchain/14.3.rel1/arm-none-eabi/bin/../lib/gcc/arm-none-eabi/14.3.1/../../../../arm-none-eabi/lib/thumb/v6-m/nofp/libg.a(libc_a-strcmp.o)
 .ARM.attributes
                0x000007af       0x2c /Applications/ArmGNUToolchain/14.3.rel1/arm-none-eabi/bin/../lib/gcc/arm-none-eabi/14.3.1/../../../../arm-none-eabi/lib/thumb/v6-m/nofp/libg.a(libc_a-strlen-stub.o)
 .ARM.attributes
                0x000007db       0x2c /Applications/ArmGNUToolchain/14.3.rel1/arm-none-eabi/bin/../lib/gcc/arm-none-eabi/14.3.1/../../../../arm-none-eabi/lib/thumb/v6-m/nofp/libg.a(libc_a-findfp.o)
 .ARM.attributes
                0x00000807       0x2c /Applications/ArmGNUToolchain/14.3.rel1/arm-none-eabi/bin/../lib/gcc/arm-none-eabi/14.3.1/thumb/v6-m/nofp/crtend.o

.comment        0x00000000       0x46
 .comment       0x00000000       0x46 CMakeFiles/hgttg_guide.dir/main_bootloader.c.o
                                 0x47 (size before relaxing)
 .comment       0x00000046       0x47 CMakeFiles/hgttg_guide.dir/enhanced_display.c.o
 .comment       0x00000046       0x47 CMakeFiles/hgttg_guide.dir/dont_panic_image.c.o
 .comment       0x00000046       0x47 CMakeFiles/hgttg_guide.dir/dont_panic_data.c.o
 .comment       0x00000046       0x47 CMakeFiles/hgttg_guide.dir/Users/paulwyman/pico/pico-sdk/src/rp2_common/hardware_gpio/gpio.c.o
 .comment       0x00000046       0x47 CMakeFiles/hgttg_guide.dir/Users/paulwyman/pico/pico-sdk/src/rp2_common/pico_platform_panic/panic.c.o
 .comment       0x00000046       0x47 CMakeFiles/hgttg_guide.dir/Users/paulwyman/pico/pico-sdk/src/common/hardware_claim/claim.c.o
 .comment       0x00000046       0x47 CMakeFiles/hgttg_guide.dir/Users/paulwyman/pico/pico-sdk/src/rp2_common/hardware_sync/sync.c.o
 .comment       0x00000046       0x47 CMakeFiles/hgttg_guide.dir/Users/paulwyman/pico/pico-sdk/src/rp2_common/hardware_sync_spin_lock/sync_spin_lock.c.o
 .comment       0x00000046       0x47 CMakeFiles/hgttg_guide.dir/Users/paulwyman/pico/pico-sdk/src/rp2_common/hardware_irq/irq.c.o
 .comment       0x00000046       0x47 CMakeFiles/hgttg_guide.dir/Users/paulwyman/pico/pico-sdk/src/common/pico_sync/lock_core.c.o
 .comment       0x00000046       0x47 CMakeFiles/hgttg_guide.dir/Users/paulwyman/pico/pico-sdk/src/common/pico_sync/mutex.c.o
 .comment       0x00000046       0x47 CMakeFiles/hgttg_guide.dir/Users/paulwyman/pico/pico-sdk/src/common/pico_time/time.c.o
 .comment       0x00000046       0x47 CMakeFiles/hgttg_guide.dir/Users/paulwyman/pico/pico-sdk/src/common/pico_time/timeout_helper.c.o
 .comment       0x00000046       0x47 CMakeFiles/hgttg_guide.dir/Users/paulwyman/pico/pico-sdk/src/rp2_common/hardware_timer/timer.c.o
 .comment       0x00000046       0x47 CMakeFiles/hgttg_guide.dir/Users/paulwyman/pico/pico-sdk/src/rp2_common/hardware_clocks/clocks.c.o
 .comment       0x00000046       0x47 CMakeFiles/hgttg_guide.dir/Users/paulwyman/pico/pico-sdk/src/rp2_common/hardware_pll/pll.c.o
 .comment       0x00000046       0x47 CMakeFiles/hgttg_guide.dir/Users/paulwyman/pico/pico-sdk/src/rp2_common/hardware_ticks/ticks.c.o
 .comment       0x00000046       0x47 CMakeFiles/hgttg_guide.dir/Users/paulwyman/pico/pico-sdk/src/rp2_common/pico_bootrom/bootrom.c.o
 .comment       0x00000046       0x47 CMakeFiles/hgttg_guide.dir/Users/paulwyman/pico/pico-sdk/src/rp2_common/hardware_xosc/xosc.c.o
 .comment       0x00000046       0x47 CMakeFiles/hgttg_guide.dir/Users/paulwyman/pico/pico-sdk/src/rp2_common/pico_runtime/runtime.c.o
 .comment       0x00000046       0x47 CMakeFiles/hgttg_guide.dir/Users/paulwyman/pico/pico-sdk/src/rp2_common/pico_runtime_init/runtime_init.c.o
 .comment       0x00000046       0x47 CMakeFiles/hgttg_guide.dir/Users/paulwyman/pico/pico-sdk/src/rp2_common/pico_runtime_init/runtime_init_clocks.c.o
 .comment       0x00000046       0x47 CMakeFiles/hgttg_guide.dir/Users/paulwyman/pico/pico-sdk/src/rp2_common/pico_double/double_init_rom_rp2040.c.o
 .comment       0x00000046       0x47 CMakeFiles/hgttg_guide.dir/Users/paulwyman/pico/pico-sdk/src/rp2_common/pico_double/double_math.c.o
 .comment       0x00000046       0x47 CMakeFiles/hgttg_guide.dir/Users/paulwyman/pico/pico-sdk/src/rp2_common/pico_float/float_init_rom_rp2040.c.o
 .comment       0x00000046       0x47 CMakeFiles/hgttg_guide.dir/Users/paulwyman/pico/pico-sdk/src/rp2_common/pico_standard_binary_info/standard_binary_info.c.o
 .comment       0x00000046       0x47 CMakeFiles/hgttg_guide.dir/Users/paulwyman/pico/pico-sdk/src/rp2_common/pico_printf/printf.c.o
 .comment       0x00000046       0x47 CMakeFiles/hgttg_guide.dir/Users/paulwyman/pico/pico-sdk/src/rp2_common/pico_clib_interface/newlib_interface.c.o
 .comment       0x00000046       0x47 CMakeFiles/hgttg_guide.dir/Users/paulwyman/pico/pico-sdk/src/rp2_common/pico_stdio/stdio.c.o
 .comment       0x00000046       0x47 CMakeFiles/hgttg_guide.dir/Users/paulwyman/pico/pico-sdk/src/rp2_common/hardware_spi/spi.c.o
 .comment       0x00000046       0x47 CMakeFiles/hgttg_guide.dir/Users/paulwyman/pico/pico-sdk/src/rp2_common/hardware_i2c/i2c.c.o

.debug_info     0x00000000    0x36274
 .debug_info    0x00000000     0xe637 CMakeFiles/hgttg_guide.dir/main_bootloader.c.o
 .debug_info    0x0000e637     0x613e CMakeFiles/hgttg_guide.dir/enhanced_display.c.o
 .debug_info    0x00014775      0x801 CMakeFiles/hgttg_guide.dir/dont_panic_image.c.o
 .debug_info    0x00014f76       0xdd CMakeFiles/hgttg_guide.dir/dont_panic_data.c.o
 .debug_info    0x00015053     0x2421 CMakeFiles/hgttg_guide.dir/Users/paulwyman/pico/pico-sdk/src/rp2_common/hardware_gpio/gpio.c.o
 .debug_info    0x00017474      0x1bf CMakeFiles/hgttg_guide.dir/Users/paulwyman/pico/pico-sdk/src/rp2_common/pico_platform_panic/panic.c.o
 .debug_info    0x00017633      0x9a1 CMakeFiles/hgttg_guide.dir/Users/paulwyman/pico/pico-sdk/src/common/hardware_claim/claim.c.o
 .debug_info    0x00017fd4      0x45c CMakeFiles/hgttg_guide.dir/Users/paulwyman/pico/pico-sdk/src/rp2_common/hardware_sync/sync.c.o
 .debug_info    0x00018430      0x245 CMakeFiles/hgttg_guide.dir/Users/paulwyman/pico/pico-sdk/src/rp2_common/hardware_sync_spin_lock/sync_spin_lock.c.o
 .debug_info    0x00018675     0x2233 CMakeFiles/hgttg_guide.dir/Users/paulwyman/pico/pico-sdk/src/rp2_common/hardware_irq/irq.c.o
 .debug_info    0x0001a8a8      0x15f CMakeFiles/hgttg_guide.dir/Users/paulwyman/pico/pico-sdk/src/common/pico_sync/lock_core.c.o
 .debug_info    0x0001aa07     0x2815 CMakeFiles/hgttg_guide.dir/Users/paulwyman/pico/pico-sdk/src/common/pico_sync/mutex.c.o
 .debug_info    0x0001d21c     0x5065 CMakeFiles/hgttg_guide.dir/Users/paulwyman/pico/pico-sdk/src/common/pico_time/time.c.o
 .debug_info    0x00022281      0x69e CMakeFiles/hgttg_guide.dir/Users/paulwyman/pico/pico-sdk/src/common/pico_time/timeout_helper.c.o
 .debug_info    0x0002291f     0x2b37 CMakeFiles/hgttg_guide.dir/Users/paulwyman/pico/pico-sdk/src/rp2_common/hardware_timer/timer.c.o
 .debug_info    0x00025456     0x2a05 CMakeFiles/hgttg_guide.dir/Users/paulwyman/pico/pico-sdk/src/rp2_common/hardware_clocks/clocks.c.o
 .debug_info    0x00027e5b      0x4e5 CMakeFiles/hgttg_guide.dir/Users/paulwyman/pico/pico-sdk/src/rp2_common/hardware_pll/pll.c.o
 .debug_info    0x00028340      0x248 CMakeFiles/hgttg_guide.dir/Users/paulwyman/pico/pico-sdk/src/rp2_common/hardware_ticks/ticks.c.o
 .debug_info    0x00028588      0x678 CMakeFiles/hgttg_guide.dir/Users/paulwyman/pico/pico-sdk/src/rp2_common/pico_bootrom/bootrom.c.o
 .debug_info    0x00028c00      0x1d0 CMakeFiles/hgttg_guide.dir/Users/paulwyman/pico/pico-sdk/src/rp2_common/hardware_xosc/xosc.c.o
 .debug_info    0x00028dd0      0x21a CMakeFiles/hgttg_guide.dir/Users/paulwyman/pico/pico-sdk/src/rp2_common/pico_runtime/runtime.c.o
 .debug_info    0x00028fea      0x7ea CMakeFiles/hgttg_guide.dir/Users/paulwyman/pico/pico-sdk/src/rp2_common/pico_runtime_init/runtime_init.c.o
 .debug_info    0x000297d4      0x781 CMakeFiles/hgttg_guide.dir/Users/paulwyman/pico/pico-sdk/src/rp2_common/pico_runtime_init/runtime_init_clocks.c.o
 .debug_info    0x00029f55       0x23 CMakeFiles/hgttg_guide.dir/Users/paulwyman/pico/pico-sdk/src/rp2_common/pico_bit_ops/bit_ops_aeabi.S.o
 .debug_info    0x00029f78       0x23 CMakeFiles/hgttg_guide.dir/Users/paulwyman/pico/pico-sdk/src/rp2_common/pico_divider/divider_hardware.S.o
 .debug_info    0x00029f9b       0x23 CMakeFiles/hgttg_guide.dir/Users/paulwyman/pico/pico-sdk/src/rp2_common/pico_double/double_aeabi_rp2040.S.o
 .debug_info    0x00029fbe      0x27e CMakeFiles/hgttg_guide.dir/Users/paulwyman/pico/pico-sdk/src/rp2_common/pico_double/double_init_rom_rp2040.c.o
 .debug_info    0x0002a23c     0x3e71 CMakeFiles/hgttg_guide.dir/Users/paulwyman/pico/pico-sdk/src/rp2_common/pico_double/double_math.c.o
 .debug_info    0x0002e0ad       0x23 CMakeFiles/hgttg_guide.dir/Users/paulwyman/pico/pico-sdk/src/rp2_common/pico_double/double_v1_rom_shim_rp2040.S.o
 .debug_info    0x0002e0d0       0x24 CMakeFiles/hgttg_guide.dir/Users/paulwyman/pico/pico-sdk/src/rp2_common/pico_int64_ops/pico_int64_ops_aeabi.S.o
 .debug_info    0x0002e0f4       0x23 CMakeFiles/hgttg_guide.dir/Users/paulwyman/pico/pico-sdk/src/rp2_common/pico_float/float_aeabi_rp2040.S.o
 .debug_info    0x0002e117      0x27e CMakeFiles/hgttg_guide.dir/Users/paulwyman/pico/pico-sdk/src/rp2_common/pico_float/float_init_rom_rp2040.c.o
 .debug_info    0x0002e395       0x23 CMakeFiles/hgttg_guide.dir/Users/paulwyman/pico/pico-sdk/src/rp2_common/pico_float/float_v1_rom_shim_rp2040.S.o
 .debug_info    0x0002e3b8       0x23 CMakeFiles/hgttg_guide.dir/Users/paulwyman/pico/pico-sdk/src/rp2_common/pico_mem_ops/mem_ops_aeabi.S.o
 .debug_info    0x0002e3db      0x2b8 CMakeFiles/hgttg_guide.dir/Users/paulwyman/pico/pico-sdk/src/rp2_common/pico_standard_binary_info/standard_binary_info.c.o